Archive member included to satisfy reference by file (symbol)

c:/st/stm32cubeide_1.10.1/stm32cubeide/plugins/com.st.stm32cube.ide.mcu.externaltools.gnu-tools-for-stm32.10.3-2021.10.win32_1.0.200.202301161003/tools/bin/../lib/gcc/arm-none-eabi/10.3.1/../../../../arm-none-eabi/lib/thumb/v7-m/nofp\libc_nano.a(lib_a-errno.o)
                              ./Core/Src/syscalls.o (__errno)
c:/st/stm32cubeide_1.10.1/stm32cubeide/plugins/com.st.stm32cube.ide.mcu.externaltools.gnu-tools-for-stm32.10.3-2021.10.win32_1.0.200.202301161003/tools/bin/../lib/gcc/arm-none-eabi/10.3.1/../../../../arm-none-eabi/lib/thumb/v7-m/nofp\libc_nano.a(lib_a-exit.o)
                              c:/st/stm32cubeide_1.10.1/stm32cubeide/plugins/com.st.stm32cube.ide.mcu.externaltools.gnu-tools-for-stm32.10.3-2021.10.win32_1.0.200.202301161003/tools/bin/../lib/gcc/arm-none-eabi/10.3.1/../../../../arm-none-eabi/lib/thumb/v7-m/nofp/crt0.o (exit)
c:/st/stm32cubeide_1.10.1/stm32cubeide/plugins/com.st.stm32cube.ide.mcu.externaltools.gnu-tools-for-stm32.10.3-2021.10.win32_1.0.200.202301161003/tools/bin/../lib/gcc/arm-none-eabi/10.3.1/../../../../arm-none-eabi/lib/thumb/v7-m/nofp\libc_nano.a(lib_a-impure.o)
                              c:/st/stm32cubeide_1.10.1/stm32cubeide/plugins/com.st.stm32cube.ide.mcu.externaltools.gnu-tools-for-stm32.10.3-2021.10.win32_1.0.200.202301161003/tools/bin/../lib/gcc/arm-none-eabi/10.3.1/../../../../arm-none-eabi/lib/thumb/v7-m/nofp\libc_nano.a(lib_a-exit.o) (_global_impure_ptr)
c:/st/stm32cubeide_1.10.1/stm32cubeide/plugins/com.st.stm32cube.ide.mcu.externaltools.gnu-tools-for-stm32.10.3-2021.10.win32_1.0.200.202301161003/tools/bin/../lib/gcc/arm-none-eabi/10.3.1/../../../../arm-none-eabi/lib/thumb/v7-m/nofp\libc_nano.a(lib_a-init.o)
                              c:/st/stm32cubeide_1.10.1/stm32cubeide/plugins/com.st.stm32cube.ide.mcu.externaltools.gnu-tools-for-stm32.10.3-2021.10.win32_1.0.200.202301161003/tools/bin/../lib/gcc/arm-none-eabi/10.3.1/../../../../arm-none-eabi/lib/thumb/v7-m/nofp/crt0.o (__libc_init_array)
c:/st/stm32cubeide_1.10.1/stm32cubeide/plugins/com.st.stm32cube.ide.mcu.externaltools.gnu-tools-for-stm32.10.3-2021.10.win32_1.0.200.202301161003/tools/bin/../lib/gcc/arm-none-eabi/10.3.1/../../../../arm-none-eabi/lib/thumb/v7-m/nofp\libc_nano.a(lib_a-memset.o)
                              c:/st/stm32cubeide_1.10.1/stm32cubeide/plugins/com.st.stm32cube.ide.mcu.externaltools.gnu-tools-for-stm32.10.3-2021.10.win32_1.0.200.202301161003/tools/bin/../lib/gcc/arm-none-eabi/10.3.1/../../../../arm-none-eabi/lib/thumb/v7-m/nofp/crt0.o (memset)
c:/st/stm32cubeide_1.10.1/stm32cubeide/plugins/com.st.stm32cube.ide.mcu.externaltools.gnu-tools-for-stm32.10.3-2021.10.win32_1.0.200.202301161003/tools/bin/../lib/gcc/arm-none-eabi/10.3.1/../../../../arm-none-eabi/lib/thumb/v7-m/nofp\libc_nano.a(lib_a-nano-vfprintf_float.o)
                              (_printf_float)
c:/st/stm32cubeide_1.10.1/stm32cubeide/plugins/com.st.stm32cube.ide.mcu.externaltools.gnu-tools-for-stm32.10.3-2021.10.win32_1.0.200.202301161003/tools/bin/../lib/gcc/arm-none-eabi/10.3.1/../../../../arm-none-eabi/lib/thumb/v7-m/nofp\libc_nano.a(lib_a-nano-vfprintf_i.o)
                              c:/st/stm32cubeide_1.10.1/stm32cubeide/plugins/com.st.stm32cube.ide.mcu.externaltools.gnu-tools-for-stm32.10.3-2021.10.win32_1.0.200.202301161003/tools/bin/../lib/gcc/arm-none-eabi/10.3.1/../../../../arm-none-eabi/lib/thumb/v7-m/nofp\libc_nano.a(lib_a-nano-vfprintf_float.o) (_printf_common)
c:/st/stm32cubeide_1.10.1/stm32cubeide/plugins/com.st.stm32cube.ide.mcu.externaltools.gnu-tools-for-stm32.10.3-2021.10.win32_1.0.200.202301161003/tools/bin/../lib/gcc/arm-none-eabi/10.3.1/../../../../arm-none-eabi/lib/thumb/v7-m/nofp\libc_nano.a(lib_a-nano-vfscanf_float.o)
                              (_scanf_float)
c:/st/stm32cubeide_1.10.1/stm32cubeide/plugins/com.st.stm32cube.ide.mcu.externaltools.gnu-tools-for-stm32.10.3-2021.10.win32_1.0.200.202301161003/tools/bin/../lib/gcc/arm-none-eabi/10.3.1/../../../../arm-none-eabi/lib/thumb/v7-m/nofp\libc_nano.a(lib_a-sf_nan.o)
                              c:/st/stm32cubeide_1.10.1/stm32cubeide/plugins/com.st.stm32cube.ide.mcu.externaltools.gnu-tools-for-stm32.10.3-2021.10.win32_1.0.200.202301161003/tools/bin/../lib/gcc/arm-none-eabi/10.3.1/../../../../arm-none-eabi/lib/thumb/v7-m/nofp\libc_nano.a(lib_a-nano-vfscanf_float.o) (nanf)
c:/st/stm32cubeide_1.10.1/stm32cubeide/plugins/com.st.stm32cube.ide.mcu.externaltools.gnu-tools-for-stm32.10.3-2021.10.win32_1.0.200.202301161003/tools/bin/../lib/gcc/arm-none-eabi/10.3.1/../../../../arm-none-eabi/lib/thumb/v7-m/nofp\libc_nano.a(lib_a-sprintf.o)
                              c:/st/stm32cubeide_1.10.1/stm32cubeide/plugins/com.st.stm32cube.ide.mcu.externaltools.gnu-tools-for-stm32.10.3-2021.10.win32_1.0.200.202301161003/tools/bin/../lib/gcc/arm-none-eabi/10.3.1/../../../../arm-none-eabi/lib/thumb/v7-m/nofp\libc_nano.a(lib_a-nano-vfscanf_float.o) (sprintf)
[...]
Memory Configuration

Name             Origin             Length             Attributes
RAM              0x0000000020000000 0x0000000000005000 xrw
FLASH            0x0000000008000000 0x0000000000010000 xr
*default*        0x0000000000000000 0xffffffffffffffff

Linker script and memory map

LOAD c:/st/stm32cubeide_1.10.1/stm32cubeide/plugins/com.st.stm32cube.ide.mcu.externaltools.gnu-tools-for-stm32.10.3-2021.10.win32_1.0.200.202301161003/tools/bin/../lib/gcc/arm-none-eabi/10.3.1/thumb/v7-m/nofp/crti.o
LOAD c:/st/stm32cubeide_1.10.1/stm32cubeide/plugins/com.st.stm32cube.ide.mcu.externaltools.gnu-tools-for-stm32.10.3-2021.10.win32_1.0.200.202301161003/tools/bin/../lib/gcc/arm-none-eabi/10.3.1/thumb/v7-m/nofp/crtbegin.o
LOAD c:/st/stm32cubeide_1.10.1/stm32cubeide/plugins/com.st.stm32cube.ide.mcu.externaltools.gnu-tools-for-stm32.10.3-2021.10.win32_1.0.200.202301161003/tools/bin/../lib/gcc/arm-none-eabi/10.3.1/../../../../arm-none-eabi/lib/thumb/v7-m/nofp/crt0.o
LOAD ./Core/Src/Balance_fis.o
LOAD ./Core/Src/gpio.o
LOAD ./Core/Src/i2c.o
LOAD ./Core/Src/main.o
LOAD ./Core/Src/motor.o
LOAD ./Core/Src/mpu6050.o
LOAD ./Core/Src/pid.o
LOAD ./Core/Src/qffmath.o
LOAD ./Core/Src/qfis.o
LOAD ./Core/Src/qfmathex.o
LOAD ./Core/Src/stm32f1xx_hal_msp.o
LOAD ./Core/Src/stm32f1xx_it.o
LOAD ./Core/Src/syscalls.o
LOAD ./Core/Src/sysmem.o
LOAD ./Core/Src/system_stm32f1xx.o
LOAD ./Core/Src/tim.o
LOAD ./Core/Src/usart.o
LOAD ./Core/Startup/startup_stm32f103c8tx.o
LOAD ./Drivers/STM32F1xx_HAL_Driver/Src/stm32f1xx_hal.o
LOAD ./Drivers/STM32F1xx_HAL_Driver/Src/stm32f1xx_hal_cortex.o
LOAD ./Drivers/STM32F1xx_HAL_Driver/Src/stm32f1xx_hal_dma.o
LOAD ./Drivers/STM32F1xx_HAL_Driver/Src/stm32f1xx_hal_exti.o
LOAD ./Drivers/STM32F1xx_HAL_Driver/Src/stm32f1xx_hal_flash.o
LOAD ./Drivers/STM32F1xx_HAL_Driver/Src/stm32f1xx_hal_flash_ex.o
LOAD ./Drivers/STM32F1xx_HAL_Driver/Src/stm32f1xx_hal_gpio.o
LOAD ./Drivers/STM32F1xx_HAL_Driver/Src/stm32f1xx_hal_gpio_ex.o
LOAD ./Drivers/STM32F1xx_HAL_Driver/Src/stm32f1xx_hal_i2c.o
LOAD ./Drivers/STM32F1xx_HAL_Driver/Src/stm32f1xx_hal_pwr.o
LOAD ./Drivers/STM32F1xx_HAL_Driver/Src/stm32f1xx_hal_rcc.o
LOAD ./Drivers/STM32F1xx_HAL_Driver/Src/stm32f1xx_hal_rcc_ex.o
LOAD ./Drivers/STM32F1xx_HAL_Driver/Src/stm32f1xx_hal_tim.o
LOAD ./Drivers/STM32F1xx_HAL_Driver/Src/stm32f1xx_hal_tim_ex.o
LOAD ./Drivers/STM32F1xx_HAL_Driver/Src/stm32f1xx_hal_uart.o
START GROUP
LOAD c:/st/stm32cubeide_1.10.1/stm32cubeide/plugins/com.st.stm32cube.ide.mcu.externaltools.gnu-tools-for-stm32.10.3-2021.10.win32_1.0.200.202301161003/tools/bin/../lib/gcc/arm-none-eabi/10.3.1/../../../../arm-none-eabi/lib/thumb/v7-m/nofp\libc_nano.a
LOAD c:/st/stm32cubeide_1.10.1/stm32cubeide/plugins/com.st.stm32cube.ide.mcu.externaltools.gnu-tools-for-stm32.10.3-2021.10.win32_1.0.200.202301161003/tools/bin/../lib/gcc/arm-none-eabi/10.3.1/../../../../arm-none-eabi/lib/thumb/v7-m/nofp\libm.a
END GROUP
START GROUP
LOAD c:/st/stm32cubeide_1.10.1/stm32cubeide/plugins/com.st.stm32cube.ide.mcu.externaltools.gnu-tools-for-stm32.10.3-2021.10.win32_1.0.200.202301161003/tools/bin/../lib/gcc/arm-none-eabi/10.3.1/thumb/v7-m/nofp\libgcc.a
LOAD c:/st/stm32cubeide_1.10.1/stm32cubeide/plugins/com.st.stm32cube.ide.mcu.externaltools.gnu-tools-for-stm32.10.3-2021.10.win32_1.0.200.202301161003/tools/bin/../lib/gcc/arm-none-eabi/10.3.1/../../../../arm-none-eabi/lib/thumb/v7-m/nofp\libc_nano.a
END GROUP
START GROUP
LOAD c:/st/stm32cubeide_1.10.1/stm32cubeide/plugins/com.st.stm32cube.ide.mcu.externaltools.gnu-tools-for-stm32.10.3-2021.10.win32_1.0.200.202301161003/tools/bin/../lib/gcc/arm-none-eabi/10.3.1/thumb/v7-m/nofp\libgcc.a
LOAD c:/st/stm32cubeide_1.10.1/stm32cubeide/plugins/com.st.stm32cube.ide.mcu.externaltools.gnu-tools-for-stm32.10.3-2021.10.win32_1.0.200.202301161003/tools/bin/../lib/gcc/arm-none-eabi/10.3.1/../../../../arm-none-eabi/lib/thumb/v7-m/nofp\libc_nano.a
LOAD c:/st/stm32cubeide_1.10.1/stm32cubeide/plugins/com.st.stm32cube.ide.mcu.externaltools.gnu-tools-for-stm32.10.3-2021.10.win32_1.0.200.202301161003/tools/bin/../lib/gcc/arm-none-eabi/10.3.1/../../../../arm-none-eabi/lib/thumb/v7-m/nofp\libnosys.a
END GROUP
START GROUP
LOAD c:/st/stm32cubeide_1.10.1/stm32cubeide/plugins/com.st.stm32cube.ide.mcu.externaltools.gnu-tools-for-stm32.10.3-2021.10.win32_1.0.200.202301161003/tools/bin/../lib/gcc/arm-none-eabi/10.3.1/thumb/v7-m/nofp\libgcc.a
LOAD c:/st/stm32cubeide_1.10.1/stm32cubeide/plugins/com.st.stm32cube.ide.mcu.externaltools.gnu-tools-for-stm32.10.3-2021.10.win32_1.0.200.202301161003/tools/bin/../lib/gcc/arm-none-eabi/10.3.1/../../../../arm-none-eabi/lib/thumb/v7-m/nofp\libc_nano.a
LOAD c:/st/stm32cubeide_1.10.1/stm32cubeide/plugins/com.st.stm32cube.ide.mcu.externaltools.gnu-tools-for-stm32.10.3-2021.10.win32_1.0.200.202301161003/tools/bin/../lib/gcc/arm-none-eabi/10.3.1/../../../../arm-none-eabi/lib/thumb/v7-m/nofp\libnosys.a
END GROUP
LOAD c:/st/stm32cubeide_1.10.1/stm32cubeide/plugins/com.st.stm32cube.ide.mcu.externaltools.gnu-tools-for-stm32.10.3-2021.10.win32_1.0.200.202301161003/tools/bin/../lib/gcc/arm-none-eabi/10.3.1/thumb/v7-m/nofp/crtend.o
LOAD c:/st/stm32cubeide_1.10.1/stm32cubeide/plugins/com.st.stm32cube.ide.mcu.externaltools.gnu-tools-for-stm32.10.3-2021.10.win32_1.0.200.202301161003/tools/bin/../lib/gcc/arm-none-eabi/10.3.1/thumb/v7-m/nofp/crtn.o
                0x0000000020005000                _estack = (ORIGIN (RAM) + LENGTH (RAM))
                0x0000000000000200                _Min_Heap_Size = 0x200
                0x0000000000000400                _Min_Stack_Size = 0x400

.isr_vector     0x0000000008000000      0x10c
                0x0000000008000000                . = ALIGN (0x4)
 *(.isr_vector)
 .isr_vector    0x0000000008000000      0x10c ./Core/Startup/startup_stm32f103c8tx.o
                0x0000000008000000                g_pfnVectors
                0x000000000800010c                . = ALIGN (0x4)

.text           0x0000000008000110     0xccec
                0x0000000008000110                . = ALIGN (0x4)
 *(.text)
 .text          0x0000000008000110       0x40 c:/st/stm32cubeide_1.10.1/stm32cubeide/plugins/com.st.stm32cube.ide.mcu.externaltools.gnu-tools-for-stm32.10.3-2021.10.win32_1.0.200.202301161003/tools/bin/../lib/gcc/arm-none-eabi/10.3.1/thumb/v7-m/nofp/crtbegin.o
 .text          0x0000000008000150       0x10 c:/st/stm32cubeide_1.10.1/stm32cubeide/plugins/com.st.stm32cube.ide.mcu.externaltools.gnu-tools-for-stm32.10.3-2021.10.win32_1.0.200.202301161003/tools/bin/../lib/gcc/arm-none-eabi/10.3.1/../../../../arm-none-eabi/lib/thumb/v7-m/nofp\libc_nano.a(lib_a-strlen.o)
                0x0000000008000150                strlen
 .text          0x0000000008000160      0x378 c:/st/stm32cubeide_1.10.1/stm32cubeide/plugins/com.st.stm32cube.ide.mcu.externaltools.gnu-tools-for-stm32.10.3-2021.10.win32_1.0.200.202301161003/tools/bin/../lib/gcc/arm-none-eabi/10.3.1/thumb/v7-m/nofp\libgcc.a(_arm_addsubdf3.o)
                0x0000000008000160                __aeabi_drsub
                0x0000000008000168                __aeabi_dsub
                0x0000000008000168                __subdf3
                0x000000000800016c                __aeabi_dadd
                0x000000000800016c                __adddf3
                0x00000000080003e4                __floatunsidf
                0x00000000080003e4                __aeabi_ui2d
                0x0000000008000404                __floatsidf
                0x0000000008000404                __aeabi_i2d
                0x0000000008000428                __aeabi_f2d
                0x0000000008000428                __extendsfdf2
                0x000000000800046c                __floatundidf
                0x000000000800046c                __aeabi_ul2d
                0x000000000800047c                __floatdidf
                0x000000000800047c                __aeabi_l2d
 .text          0x00000000080004d8      0x424 c:/st/stm32cubeide_1.10.1/stm32cubeide/plugins/com.st.stm32cube.ide.mcu.externaltools.gnu-tools-for-stm32.10.3-2021.10.win32_1.0.200.202301161003/tools/bin/../lib/gcc/arm-none-eabi/10.3.1/thumb/v7-m/nofp\libgcc.a(_arm_muldivdf3.o)
                0x00000000080004d8                __aeabi_dmul
                0x00000000080004d8                __muldf3
                0x000000000800072c                __divdf3
                0x000000000800072c                __aeabi_ddiv
 .text          0x00000000080008fc      0x110 c:/st/stm32cubeide_1.10.1/stm32cubeide/plugins/com.st.stm32cube.ide.mcu.externaltools.gnu-tools-for-stm32.10.3-2021.10.win32_1.0.200.202301161003/tools/bin/../lib/gcc/arm-none-eabi/10.3.1/thumb/v7-m/nofp\libgcc.a(_arm_cmpdf2.o)
                0x00000000080008fc                __gtdf2
                0x00000000080008fc                __gedf2
                0x0000000008000904                __ltdf2
                0x0000000008000904                __ledf2
                0x000000000800090c                __nedf2
                0x000000000800090c                __eqdf2
                0x000000000800090c                __cmpdf2
                0x0000000008000988                __aeabi_cdrcmple
                0x0000000008000998                __aeabi_cdcmpeq
                0x0000000008000998                __aeabi_cdcmple
                0x00000000080009a8                __aeabi_dcmpeq
                0x00000000080009bc                __aeabi_dcmplt
                0x00000000080009d0                __aeabi_dcmple
                0x00000000080009e4                __aeabi_dcmpge
                0x00000000080009f8                __aeabi_dcmpgt
 .text          0x0000000008000a0c       0x2c c:/st/stm32cubeide_1.10.1/stm32cubeide/plugins/com.st.stm32cube.ide.mcu.externaltools.gnu-tools-for-stm32.10.3-2021.10.win32_1.0.200.202301161003/tools/bin/../lib/gcc/arm-none-eabi/10.3.1/thumb/v7-m/nofp\libgcc.a(_arm_unorddf2.o)
                0x0000000008000a0c                __unorddf2
                0x0000000008000a0c                __aeabi_dcmpun
 .text          0x0000000008000a38       0x50 c:/st/stm32cubeide_1.10.1/stm32cubeide/plugins/com.st.stm32cube.ide.mcu.externaltools.gnu-tools-for-stm32.10.3-2021.10.win32_1.0.200.202301161003/tools/bin/../lib/gcc/arm-none-eabi/10.3.1/thumb/v7-m/nofp\libgcc.a(_arm_fixdfsi.o)
                0x0000000008000a38                __aeabi_d2iz
                0x0000000008000a38                __fixdfsi
 .text          0x0000000008000a88       0x40 c:/st/stm32cubeide_1.10.1/stm32cubeide/plugins/com.st.stm32cube.ide.mcu.externaltools.gnu-tools-for-stm32.10.3-2021.10.win32_1.0.200.202301161003/tools/bin/../lib/gcc/arm-none-eabi/10.3.1/thumb/v7-m/nofp\libgcc.a(_arm_fixunsdfsi.o)
                0x0000000008000a88                __aeabi_d2uiz
                0x0000000008000a88                __fixunsdfsi
 .text          0x0000000008000ac8       0xa0 c:/st/stm32cubeide_1.10.1/stm32cubeide/plugins/com.st.stm32cube.ide.mcu.externaltools.gnu-tools-for-stm32.10.3-2021.10.win32_1.0.200.202301161003/tools/bin/../lib/gcc/arm-none-eabi/10.3.1/thumb/v7-m/nofp\libgcc.a(_arm_truncdfsf2.o)
                0x0000000008000ac8                __truncdfsf2
                0x0000000008000ac8                __aeabi_d2f
 .text          0x0000000008000b68      0x21c c:/st/stm32cubeide_1.10.1/stm32cubeide/plugins/com.st.stm32cube.ide.mcu.externaltools.gnu-tools-for-stm32.10.3-2021.10.win32_1.0.200.202301161003/tools/bin/../lib/gcc/arm-none-eabi/10.3.1/thumb/v7-m/nofp\libgcc.a(_arm_addsubsf3.o)
                0x0000000008000b68                __aeabi_frsub
                0x0000000008000b70                __subsf3
                0x0000000008000b70                __aeabi_fsub
                0x0000000008000b74                __aeabi_fadd
                0x0000000008000b74                __addsf3
                0x0000000008000cd4                __aeabi_ui2f
                0x0000000008000cd4                __floatunsisf
                0x0000000008000cdc                __aeabi_i2f
                0x0000000008000cdc                __floatsisf
                0x0000000008000cf8                __aeabi_ul2f
                0x0000000008000cf8                __floatundisf
                0x0000000008000d08                __aeabi_l2f
                0x0000000008000d08                __floatdisf
 .text          0x0000000008000d84      0x2a0 c:/st/stm32cubeide_1.10.1/stm32cubeide/plugins/com.st.stm32cube.ide.mcu.externaltools.gnu-tools-for-stm32.10.3-2021.10.win32_1.0.200.202301161003/tools/bin/../lib/gcc/arm-none-eabi/10.3.1/thumb/v7-m/nofp\libgcc.a(_arm_muldivsf3.o)
                0x0000000008000d84                __mulsf3
                0x0000000008000d84                __aeabi_fmul
                0x0000000008000eec                __aeabi_fdiv
                0x0000000008000eec                __divsf3
 .text          0x0000000008001024       0xec c:/st/stm32cubeide_1.10.1/stm32cubeide/plugins/com.st.stm32cube.ide.mcu.externaltools.gnu-tools-for-stm32.10.3-2021.10.win32_1.0.200.202301161003/tools/bin/../lib/gcc/arm-none-eabi/10.3.1/thumb/v7-m/nofp\libgcc.a(_arm_cmpsf2.o)
                0x0000000008001024                __gesf2
                0x0000000008001024                __gtsf2
                0x000000000800102c                __lesf2
                0x000000000800102c                __ltsf2
                0x0000000008001034                __nesf2
                0x0000000008001034                __eqsf2
                0x0000000008001034                __cmpsf2
                0x0000000008001094                __aeabi_cfrcmple
                0x000000000800109c                __aeabi_cfcmpeq
                0x000000000800109c                __aeabi_cfcmple
                0x00000000080010ac                __aeabi_fcmpeq
                0x00000000080010c0                __aeabi_fcmplt
                0x00000000080010d4                __aeabi_fcmple
                0x00000000080010e8                __aeabi_fcmpge
                0x00000000080010fc                __aeabi_fcmpgt
 .text          0x0000000008001110       0x4c c:/st/stm32cubeide_1.10.1/stm32cubeide/plugins/com.st.stm32cube.ide.mcu.externaltools.gnu-tools-for-stm32.10.3-2021.10.win32_1.0.200.202301161003/tools/bin/../lib/gcc/arm-none-eabi/10.3.1/thumb/v7-m/nofp\libgcc.a(_arm_fixsfsi.o)
                0x0000000008001110                __aeabi_f2iz
                0x0000000008001110                __fixsfsi
 .text          0x000000000800115c       0x40 c:/st/stm32cubeide_1.10.1/stm32cubeide/plugins/com.st.stm32cube.ide.mcu.externaltools.gnu-tools-for-stm32.10.3-2021.10.win32_1.0.200.202301161003/tools/bin/../lib/gcc/arm-none-eabi/10.3.1/thumb/v7-m/nofp\libgcc.a(_arm_fixunssfsi.o)
                0x000000000800115c                __fixunssfsi
                0x000000000800115c                __aeabi_f2uiz
 .text          0x000000000800119c       0x34 c:/st/stm32cubeide_1.10.1/stm32cubeide/plugins/com.st.stm32cube.ide.mcu.externaltools.gnu-tools-for-stm32.10.3-2021.10.win32_1.0.200.202301161003/tools/bin/../lib/gcc/arm-none-eabi/10.3.1/thumb/v7-m/nofp\libgcc.a(_fixdfdi.o)
                0x000000000800119c                __fixdfdi
                0x000000000800119c                __aeabi_d2lz
 .text          0x00000000080011d0       0x3c c:/st/stm32cubeide_1.10.1/stm32cubeide/plugins/com.st.stm32cube.ide.mcu.externaltools.gnu-tools-for-stm32.10.3-2021.10.win32_1.0.200.202301161003/tools/bin/../lib/gcc/arm-none-eabi/10.3.1/thumb/v7-m/nofp\libgcc.a(_fixunsdfdi.o)
                0x00000000080011d0                __fixunsdfdi
                0x00000000080011d0                __aeabi_d2ulz
 *(.text*)
 .text.Balance_init
                0x000000000800120c      0x2b4 ./Core/Src/Balance_fis.o
                0x000000000800120c                Balance_init
 .text.Balance_run
                0x00000000080014c0       0x64 ./Core/Src/Balance_fis.o
                0x00000000080014c0                Balance_run
 .text.MX_GPIO_Init
                0x0000000008001524       0x5c ./Core/Src/gpio.o
                0x0000000008001524                MX_GPIO_Init
 .text.MX_I2C2_Init
                0x0000000008001580       0x5c ./Core/Src/i2c.o
                0x0000000008001580                MX_I2C2_Init
 .text.HAL_I2C_MspInit
                0x00000000080015dc       0x80 ./Core/Src/i2c.o
                0x00000000080015dc                HAL_I2C_MspInit
 .text.main     0x000000000800165c       0x68 ./Core/Src/main.o
                0x000000000800165c                main
 .text.SystemClock_Config
                0x00000000080016c4       0x8a ./Core/Src/main.o
                0x00000000080016c4                SystemClock_Config
 *fill*         0x000000000800174e        0x2 
 .text.HAL_TIM_PeriodElapsedCallback
                0x0000000008001750      0x248 ./Core/Src/main.o
                0x0000000008001750                HAL_TIM_PeriodElapsedCallback
 .text.Error_Handler
                0x0000000008001998        0xa ./Core/Src/main.o
                0x0000000008001998                Error_Handler
 *fill*         0x00000000080019a2        0x2 
 .text.MotorSetDuty1
                0x00000000080019a4       0x68 ./Core/Src/motor.o
                0x00000000080019a4                MotorSetDuty1
 .text.MotorSetDuty2
                0x0000000008001a0c       0x64 ./Core/Src/motor.o
                0x0000000008001a0c                MotorSetDuty2
 .text.MPU6050_Init
                0x0000000008001a70       0xae ./Core/Src/mpu6050.o
                0x0000000008001a70                MPU6050_Init
 *fill*         0x0000000008001b1e        0x2 
 .text.MPU6050_Read_All
                0x0000000008001b20      0x494 ./Core/Src/mpu6050.o
                0x0000000008001b20                MPU6050_Read_All
 .text.Kalman_getAngle
                0x0000000008001fb4      0x2a6 ./Core/Src/mpu6050.o
                0x0000000008001fb4                Kalman_getAngle
 *fill*         0x000000000800225a        0x2 
 .text._qFFMath_GetAbnormal
                0x000000000800225c       0x40 ./Core/Src/qffmath.o
                0x000000000800225c                _qFFMath_GetAbnormal
 .text.qFFMath_FPClassify
                0x000000000800229c       0x5e ./Core/Src/qffmath.o
                0x000000000800229c                qFFMath_FPClassify
 .text.qFFMath_IsNaN
                0x00000000080022fa       0x22 ./Core/Src/qffmath.o
                0x00000000080022fa                qFFMath_IsNaN
 .text.qFFMath_Abs
                0x000000000800231c       0x2a ./Core/Src/qffmath.o
                0x000000000800231c                qFFMath_Abs
 .text.qFFMath_Sqrt
                0x0000000008002346       0x8e ./Core/Src/qffmath.o
                0x0000000008002346                qFFMath_Sqrt
 .text.qFFMath_Sin
                0x00000000080023d4       0x94 ./Core/Src/qffmath.o
                0x00000000080023d4                qFFMath_Sin
 .text.qFFMath_Cos
                0x0000000008002468       0x28 ./Core/Src/qffmath.o
                0x0000000008002468                qFFMath_Cos
 .text.qFFMath_Exp2
                0x0000000008002490       0xd4 ./Core/Src/qffmath.o
                0x0000000008002490                qFFMath_Exp2
 .text.qFFMath_Log2
                0x0000000008002564       0xcc ./Core/Src/qffmath.o
                0x0000000008002564                qFFMath_Log2
 .text.qFFMath_Exp
                0x0000000008002630       0x28 ./Core/Src/qffmath.o
                0x0000000008002630                qFFMath_Exp
 .text.qFFMath_Log
                0x0000000008002658       0x28 ./Core/Src/qffmath.o
                0x0000000008002658                qFFMath_Log
 .text.qFFMath_Pow
                0x0000000008002680       0x2c ./Core/Src/qffmath.o
                0x0000000008002680                qFFMath_Pow
 .text.qFIS_SetParameter
                0x00000000080026ac       0xe4 ./Core/Src/qfis.o
                0x00000000080026ac                qFIS_SetParameter
 .text.qFIS_SetDeFuzzMethod
                0x0000000008002790       0x74 ./Core/Src/qfis.o
                0x0000000008002790                qFIS_SetDeFuzzMethod
 .text.qFIS_Setup
                0x0000000008002804      0x1b0 ./Core/Src/qfis.o
                0x0000000008002804                qFIS_Setup
 .text.qFIS_InputSetup
                0x00000000080029b4       0x56 ./Core/Src/qfis.o
                0x00000000080029b4                qFIS_InputSetup
 .text.qFIS_OutputSetup
                0x0000000008002a0a       0xda ./Core/Src/qfis.o
                0x0000000008002a0a                qFIS_OutputSetup
 .text.qFIS_SetInput
                0x0000000008002ae4       0x40 ./Core/Src/qfis.o
                0x0000000008002ae4                qFIS_SetInput
 .text.qFIS_GetOutput
                0x0000000008002b24       0x38 ./Core/Src/qfis.o
                0x0000000008002b24                qFIS_GetOutput
 .text.qFIS_SetMF
                0x0000000008002b5c       0xd4 ./Core/Src/qfis.o
                0x0000000008002b5c                qFIS_SetMF
 .text.qFIS_EvalInputMFs
                0x0000000008002c30       0x70 ./Core/Src/qfis.o
 .text.qFIS_TruncateInputs
                0x0000000008002ca0       0x7a ./Core/Src/qfis.o
 .text.qFIS_Fuzzify
                0x0000000008002d1a       0x2c ./Core/Src/qfis.o
                0x0000000008002d1a                qFIS_Fuzzify
 .text.qFIS_ParseFuzzValue
                0x0000000008002d46       0x70 ./Core/Src/qfis.o
 *fill*         0x0000000008002db6        0x2 
 .text.qFIS_GetFuzzOperator
                0x0000000008002db8       0x4c ./Core/Src/qfis.o
 .text.qFIS_InferenceAntecedent
                0x0000000008002e04       0xe4 ./Core/Src/qfis.o
 .text.qFIS_InferenceReachEnd
                0x0000000008002ee8       0xcc ./Core/Src/qfis.o
 .text.qFIS_AggregationFindConsequent
                0x0000000008002fb4       0x44 ./Core/Src/qfis.o
 .text.qFIS_InferenceConsequent
                0x0000000008002ff8      0x1b8 ./Core/Src/qfis.o
 .text.qFIS_Aggregate
                0x00000000080031b0       0x7c ./Core/Src/qfis.o
 .text.qFIS_DeFuzz_Centroid
                0x000000000800322c       0x98 ./Core/Src/qfis.o
 .text.qFIS_DeFuzz_Bisector
                0x00000000080032c4       0xea ./Core/Src/qfis.o
 *fill*         0x00000000080033ae        0x2 
 .text.qFIS_DeFuzz_LOM
                0x00000000080033b0       0x78 ./Core/Src/qfis.o
 .text.qFIS_DeFuzz_SOM
                0x0000000008003428       0x78 ./Core/Src/qfis.o
 .text.qFIS_DeFuzz_MOM
                0x00000000080034a0      0x100 ./Core/Src/qfis.o
 .text.qFIS_DeFuzz_WtAverage
                0x00000000080035a0       0x36 ./Core/Src/qfis.o
 .text.qFIS_DeFuzz_WtSum
                0x00000000080035d6       0x2a ./Core/Src/qfis.o
 .text.qFIS_DeFuzzify
                0x0000000008003600      0x284 ./Core/Src/qfis.o
                0x0000000008003600                qFIS_DeFuzzify
 .text.qFIS_Inference
                0x0000000008003884       0xbc ./Core/Src/qfis.o
                0x0000000008003884                qFIS_Inference
 .text.qFIS_GetNextX
                0x0000000008003940       0x3c ./Core/Src/qfis.o
 .text.qFIS_TriMF
                0x000000000800397c       0x84 ./Core/Src/qfis.o
 .text.qFIS_TrapMF
                0x0000000008003a00       0x94 ./Core/Src/qfis.o
 .text.qFIS_GBellMF
                0x0000000008003a94       0x76 ./Core/Src/qfis.o
 .text.qFIS_GaussMF
                0x0000000008003b0a       0x5a ./Core/Src/qfis.o
 .text.qFIS_Gauss2MF
                0x0000000008003b64       0x78 ./Core/Src/qfis.o
 .text.qFIS_SigMF
                0x0000000008003bdc       0x60 ./Core/Src/qfis.o
 .text.qFIS_TSigMF
                0x0000000008003c3c       0xc2 ./Core/Src/qfis.o
 .text.qFIS_DSigMF
                0x0000000008003cfe       0x42 ./Core/Src/qfis.o
 .text.qFIS_PSigMF
                0x0000000008003d40       0x42 ./Core/Src/qfis.o
 .text.qFIS_SMF
                0x0000000008003d82      0x142 ./Core/Src/qfis.o
 .text.qFIS_TSMF
                0x0000000008003ec4      0x108 ./Core/Src/qfis.o
 .text.qFIS_ZMF
                0x0000000008003fcc      0x142 ./Core/Src/qfis.o
 .text.qFIS_LinSMF
                0x000000000800410e       0xb6 ./Core/Src/qfis.o
 .text.qFIS_LinZMF
                0x00000000080041c4       0xb6 ./Core/Src/qfis.o
 .text.qFIS_TZMF
                0x000000000800427a      0x108 ./Core/Src/qfis.o
 .text.qFIS_PiMF
                0x0000000008004382       0x42 ./Core/Src/qfis.o
 .text.qFIS_SingletonMF
                0x00000000080043c4       0x36 ./Core/Src/qfis.o
 .text.qFIS_ConcaveMF
                0x00000000080043fa       0xda ./Core/Src/qfis.o
 .text.qFIS_TConcaveMF
                0x00000000080044d4       0x64 ./Core/Src/qfis.o
 .text.qFIS_SpikeMF
                0x0000000008004538       0x5c ./Core/Src/qfis.o
 .text.qFIS_TLinSMF
                0x0000000008004594       0x44 ./Core/Src/qfis.o
 .text.qFIS_TLinZMF
                0x00000000080045d8       0x44 ./Core/Src/qfis.o
 .text.qFIS_RectangleMF
                0x000000000800461c       0x4c ./Core/Src/qfis.o
 .text.qFIS_CosineMF
                0x0000000008004668       0xf4 ./Core/Src/qfis.o
 .text.qFIS_ConstantMF
                0x000000000800475c       0x1a ./Core/Src/qfis.o
 .text.qFIS_LinearMF
                0x0000000008004776       0x76 ./Core/Src/qfis.o
 .text.qFIS_Min
                0x00000000080047ec       0x36 ./Core/Src/qfis.o
 .text.qFIS_Max
                0x0000000008004822       0x36 ./Core/Src/qfis.o
 .text.qFIS_Prod
                0x0000000008004858       0x2c ./Core/Src/qfis.o
 .text.qFIS_ProbOR
                0x0000000008004884       0x42 ./Core/Src/qfis.o
 .text.qFIS_Sum
                0x00000000080048c6       0x2c ./Core/Src/qfis.o
 .text.qFIS_Bound
                0x00000000080048f2       0x24 ./Core/Src/qfis.o
 .text.qFMathEx_InRangeCoerce
                0x0000000008004916       0x6a ./Core/Src/qfmathex.o
                0x0000000008004916                qFMathEx_InRangeCoerce
 .text.qFMathEx_AlmostEqual
                0x0000000008004980       0x46 ./Core/Src/qfmathex.o
                0x0000000008004980                qFMathEx_AlmostEqual
 .text.qFMathEx_Equal
                0x00000000080049c6       0x20 ./Core/Src/qfmathex.o
                0x00000000080049c6                qFMathEx_Equal
 *fill*         0x00000000080049e6        0x2 
 .text.HAL_MspInit
                0x00000000080049e8       0x44 ./Core/Src/stm32f1xx_hal_msp.o
                0x00000000080049e8                HAL_MspInit
 .text.NMI_Handler
                0x0000000008004a2c        0x6 ./Core/Src/stm32f1xx_it.o
                0x0000000008004a2c                NMI_Handler
 .text.HardFault_Handler
                0x0000000008004a32        0x6 ./Core/Src/stm32f1xx_it.o
                0x0000000008004a32                HardFault_Handler
 .text.MemManage_Handler
                0x0000000008004a38        0x6 ./Core/Src/stm32f1xx_it.o
                0x0000000008004a38                MemManage_Handler
 .text.BusFault_Handler
                0x0000000008004a3e        0x6 ./Core/Src/stm32f1xx_it.o
                0x0000000008004a3e                BusFault_Handler
 .text.UsageFault_Handler
                0x0000000008004a44        0x6 ./Core/Src/stm32f1xx_it.o
                0x0000000008004a44                UsageFault_Handler
 .text.SVC_Handler
                0x0000000008004a4a        0xc ./Core/Src/stm32f1xx_it.o
                0x0000000008004a4a                SVC_Handler
 .text.DebugMon_Handler
                0x0000000008004a56        0xc ./Core/Src/stm32f1xx_it.o
                0x0000000008004a56                DebugMon_Handler
 .text.PendSV_Handler
                0x0000000008004a62        0xc ./Core/Src/stm32f1xx_it.o
                0x0000000008004a62                PendSV_Handler
 .text.SysTick_Handler
                0x0000000008004a6e        0xc ./Core/Src/stm32f1xx_it.o
                0x0000000008004a6e                SysTick_Handler
 *fill*         0x0000000008004a7a        0x2 
 .text.TIM2_IRQHandler
                0x0000000008004a7c       0x14 ./Core/Src/stm32f1xx_it.o
                0x0000000008004a7c                TIM2_IRQHandler
 .text._getpid  0x0000000008004a90        0xe ./Core/Src/syscalls.o
                0x0000000008004a90                _getpid
 .text._kill    0x0000000008004a9e       0x20 ./Core/Src/syscalls.o
                0x0000000008004a9e                _kill
 .text._exit    0x0000000008004abe       0x14 ./Core/Src/syscalls.o
                0x0000000008004abe                _exit
 .text._read    0x0000000008004ad2       0x3a ./Core/Src/syscalls.o
                0x0000000008004ad2                _read
 .text._write   0x0000000008004b0c       0x38 ./Core/Src/syscalls.o
                0x0000000008004b0c                _write
 .text._close   0x0000000008004b44       0x16 ./Core/Src/syscalls.o
                0x0000000008004b44                _close
 .text._fstat   0x0000000008004b5a       0x1e ./Core/Src/syscalls.o
                0x0000000008004b5a                _fstat
 .text._isatty  0x0000000008004b78       0x14 ./Core/Src/syscalls.o
                0x0000000008004b78                _isatty
 .text._lseek   0x0000000008004b8c       0x18 ./Core/Src/syscalls.o
                0x0000000008004b8c                _lseek
 .text._sbrk    0x0000000008004ba4       0x6c ./Core/Src/sysmem.o
                0x0000000008004ba4                _sbrk
 .text.SystemInit
                0x0000000008004c10        0xc ./Core/Src/system_stm32f1xx.o
                0x0000000008004c10                SystemInit
 .text.MX_TIM2_Init
                0x0000000008004c1c       0x98 ./Core/Src/tim.o
                0x0000000008004c1c                MX_TIM2_Init
 .text.MX_TIM3_Init
                0x0000000008004cb4      0x130 ./Core/Src/tim.o
                0x0000000008004cb4                MX_TIM3_Init
 .text.HAL_TIM_Base_MspInit
                0x0000000008004de4       0x70 ./Core/Src/tim.o
                0x0000000008004de4                HAL_TIM_Base_MspInit
 .text.HAL_TIM_MspPostInit
                0x0000000008004e54       0x98 ./Core/Src/tim.o
                0x0000000008004e54                HAL_TIM_MspPostInit
 .text.MX_USART2_UART_Init
                0x0000000008004eec       0x54 ./Core/Src/usart.o
                0x0000000008004eec                MX_USART2_UART_Init
 .text.HAL_UART_MspInit
                0x0000000008004f40       0x94 ./Core/Src/usart.o
                0x0000000008004f40                HAL_UART_MspInit
 .text.Reset_Handler
                0x0000000008004fd4       0x48 ./Core/Startup/startup_stm32f103c8tx.o
                0x0000000008004fd4                Reset_Handler
 .text.Default_Handler
                0x000000000800501c        0x2 ./Core/Startup/startup_stm32f103c8tx.o
                0x000000000800501c                RTC_Alarm_IRQHandler
                0x000000000800501c                EXTI2_IRQHandler
                0x000000000800501c                TIM1_CC_IRQHandler
                0x000000000800501c                PVD_IRQHandler
                0x000000000800501c                EXTI3_IRQHandler
                0x000000000800501c                EXTI0_IRQHandler
                0x000000000800501c                I2C2_EV_IRQHandler
                0x000000000800501c                ADC1_2_IRQHandler
                0x000000000800501c                SPI1_IRQHandler
                0x000000000800501c                TAMPER_IRQHandler
                0x000000000800501c                DMA1_Channel4_IRQHandler
                0x000000000800501c                USART3_IRQHandler
                0x000000000800501c                RTC_IRQHandler
                0x000000000800501c                DMA1_Channel7_IRQHandler
                0x000000000800501c                CAN1_RX1_IRQHandler
                0x000000000800501c                TIM4_IRQHandler
                0x000000000800501c                I2C1_EV_IRQHandler
                0x000000000800501c                DMA1_Channel6_IRQHandler
                0x000000000800501c                TIM3_IRQHandler
                0x000000000800501c                RCC_IRQHandler
                0x000000000800501c                TIM1_TRG_COM_IRQHandler
                0x000000000800501c                DMA1_Channel1_IRQHandler
                0x000000000800501c                Default_Handler
                0x000000000800501c                EXTI15_10_IRQHandler
                0x000000000800501c                EXTI9_5_IRQHandler
                0x000000000800501c                SPI2_IRQHandler
                0x000000000800501c                DMA1_Channel5_IRQHandler
                0x000000000800501c                EXTI4_IRQHandler
                0x000000000800501c                USB_LP_CAN1_RX0_IRQHandler
                0x000000000800501c                USB_HP_CAN1_TX_IRQHandler
                0x000000000800501c                DMA1_Channel3_IRQHandler
                0x000000000800501c                TIM1_UP_IRQHandler
                0x000000000800501c                WWDG_IRQHandler
                0x000000000800501c                TIM1_BRK_IRQHandler
                0x000000000800501c                EXTI1_IRQHandler
                0x000000000800501c                USART2_IRQHandler
                0x000000000800501c                I2C2_ER_IRQHandler
                0x000000000800501c                DMA1_Channel2_IRQHandler
                0x000000000800501c                CAN1_SCE_IRQHandler
                0x000000000800501c                FLASH_IRQHandler
                0x000000000800501c                USART1_IRQHandler
                0x000000000800501c                I2C1_ER_IRQHandler
                0x000000000800501c                USBWakeUp_IRQHandler
 *fill*         0x000000000800501e        0x2 
 .text.HAL_Init
                0x0000000008005020       0x2c ./Drivers/STM32F1xx_HAL_Driver/Src/stm32f1xx_hal.o
                0x0000000008005020                HAL_Init
 .text.HAL_InitTick
                0x000000000800504c       0x60 ./Drivers/STM32F1xx_HAL_Driver/Src/stm32f1xx_hal.o
                0x000000000800504c                HAL_InitTick
 .text.HAL_IncTick
                0x00000000080050ac       0x24 ./Drivers/STM32F1xx_HAL_Driver/Src/stm32f1xx_hal.o
                0x00000000080050ac                HAL_IncTick
 .text.HAL_GetTick
                0x00000000080050d0       0x14 ./Drivers/STM32F1xx_HAL_Driver/Src/stm32f1xx_hal.o
                0x00000000080050d0                HAL_GetTick
 .text.__NVIC_SetPriorityGrouping
                0x00000000080050e4       0x48 ./Drivers/STM32F1xx_HAL_Driver/Src/stm32f1xx_hal_cortex.o
 .text.__NVIC_GetPriorityGrouping
                0x000000000800512c       0x1c ./Drivers/STM32F1xx_HAL_Driver/Src/stm32f1xx_hal_cortex.o
 .text.__NVIC_EnableIRQ
                0x0000000008005148       0x38 ./Drivers/STM32F1xx_HAL_Driver/Src/stm32f1xx_hal_cortex.o
 .text.__NVIC_SetPriority
                0x0000000008005180       0x54 ./Drivers/STM32F1xx_HAL_Driver/Src/stm32f1xx_hal_cortex.o
 .text.NVIC_EncodePriority
                0x00000000080051d4       0x64 ./Drivers/STM32F1xx_HAL_Driver/Src/stm32f1xx_hal_cortex.o
 .text.SysTick_Config
                0x0000000008005238       0x44 ./Drivers/STM32F1xx_HAL_Driver/Src/stm32f1xx_hal_cortex.o
 .text.HAL_NVIC_SetPriorityGrouping
                0x000000000800527c       0x16 ./Drivers/STM32F1xx_HAL_Driver/Src/stm32f1xx_hal_cortex.o
                0x000000000800527c                HAL_NVIC_SetPriorityGrouping
 .text.HAL_NVIC_SetPriority
                0x0000000008005292       0x38 ./Drivers/STM32F1xx_HAL_Driver/Src/stm32f1xx_hal_cortex.o
                0x0000000008005292                HAL_NVIC_SetPriority
 .text.HAL_NVIC_EnableIRQ
                0x00000000080052ca       0x1c ./Drivers/STM32F1xx_HAL_Driver/Src/stm32f1xx_hal_cortex.o
                0x00000000080052ca                HAL_NVIC_EnableIRQ
 .text.HAL_SYSTICK_Config
                0x00000000080052e6       0x18 ./Drivers/STM32F1xx_HAL_Driver/Src/stm32f1xx_hal_cortex.o
                0x00000000080052e6                HAL_SYSTICK_Config
 *fill*         0x00000000080052fe        0x2 
 .text.HAL_GPIO_Init
                0x0000000008005300      0x308 ./Drivers/STM32F1xx_HAL_Driver/Src/stm32f1xx_hal_gpio.o
                0x0000000008005300                HAL_GPIO_Init
 .text.HAL_I2C_Init
                0x0000000008005608      0x288 ./Drivers/STM32F1xx_HAL_Driver/Src/stm32f1xx_hal_i2c.o
                0x0000000008005608                HAL_I2C_Init
 .text.HAL_I2C_Mem_Write
                0x0000000008005890      0x1f4 ./Drivers/STM32F1xx_HAL_Driver/Src/stm32f1xx_hal_i2c.o
                0x0000000008005890                HAL_I2C_Mem_Write
 .text.HAL_I2C_Mem_Read
                0x0000000008005a84      0x4d0 ./Drivers/STM32F1xx_HAL_Driver/Src/stm32f1xx_hal_i2c.o
                0x0000000008005a84                HAL_I2C_Mem_Read
 .text.I2C_RequestMemoryWrite
                0x0000000008005f54      0x12c ./Drivers/STM32F1xx_HAL_Driver/Src/stm32f1xx_hal_i2c.o
 .text.I2C_RequestMemoryRead
                0x0000000008006080      0x1d0 ./Drivers/STM32F1xx_HAL_Driver/Src/stm32f1xx_hal_i2c.o
 .text.I2C_WaitOnFlagUntilTimeout
                0x0000000008006250       0xae ./Drivers/STM32F1xx_HAL_Driver/Src/stm32f1xx_hal_i2c.o
 .text.I2C_WaitOnMasterAddressFlagUntilTimeout
                0x00000000080062fe       0xfe ./Drivers/STM32F1xx_HAL_Driver/Src/stm32f1xx_hal_i2c.o
 .text.I2C_WaitOnTXEFlagUntilTimeout
                0x00000000080063fc       0x82 ./Drivers/STM32F1xx_HAL_Driver/Src/stm32f1xx_hal_i2c.o
 .text.I2C_WaitOnBTFFlagUntilTimeout
                0x000000000800647e       0x82 ./Drivers/STM32F1xx_HAL_Driver/Src/stm32f1xx_hal_i2c.o
 .text.I2C_WaitOnRXNEFlagUntilTimeout
                0x0000000008006500       0xac ./Drivers/STM32F1xx_HAL_Driver/Src/stm32f1xx_hal_i2c.o
 .text.I2C_IsAcknowledgeFailed
                0x00000000080065ac       0x5c ./Drivers/STM32F1xx_HAL_Driver/Src/stm32f1xx_hal_i2c.o
 .text.HAL_RCC_OscConfig
                0x0000000008006608      0x504 ./Drivers/STM32F1xx_HAL_Driver/Src/stm32f1xx_hal_rcc.o
                0x0000000008006608                HAL_RCC_OscConfig
 .text.HAL_RCC_ClockConfig
                0x0000000008006b0c      0x1d4 ./Drivers/STM32F1xx_HAL_Driver/Src/stm32f1xx_hal_rcc.o
                0x0000000008006b0c                HAL_RCC_ClockConfig
 .text.HAL_RCC_GetSysClockFreq
                0x0000000008006ce0       0xbc ./Drivers/STM32F1xx_HAL_Driver/Src/stm32f1xx_hal_rcc.o
                0x0000000008006ce0                HAL_RCC_GetSysClockFreq
 .text.HAL_RCC_GetHCLKFreq
                0x0000000008006d9c       0x14 ./Drivers/STM32F1xx_HAL_Driver/Src/stm32f1xx_hal_rcc.o
                0x0000000008006d9c                HAL_RCC_GetHCLKFreq
 .text.HAL_RCC_GetPCLK1Freq
                0x0000000008006db0       0x28 ./Drivers/STM32F1xx_HAL_Driver/Src/stm32f1xx_hal_rcc.o
                0x0000000008006db0                HAL_RCC_GetPCLK1Freq
 .text.HAL_RCC_GetPCLK2Freq
                0x0000000008006dd8       0x28 ./Drivers/STM32F1xx_HAL_Driver/Src/stm32f1xx_hal_rcc.o
                0x0000000008006dd8                HAL_RCC_GetPCLK2Freq
 .text.RCC_Delay
                0x0000000008006e00       0x3c ./Drivers/STM32F1xx_HAL_Driver/Src/stm32f1xx_hal_rcc.o
 .text.HAL_TIM_Base_Init
                0x0000000008006e3c       0x9e ./Drivers/STM32F1xx_HAL_Driver/Src/stm32f1xx_hal_tim.o
                0x0000000008006e3c                HAL_TIM_Base_Init
 *fill*         0x0000000008006eda        0x2 
 .text.HAL_TIM_Base_Start_IT
                0x0000000008006edc       0xa4 ./Drivers/STM32F1xx_HAL_Driver/Src/stm32f1xx_hal_tim.o
                0x0000000008006edc                HAL_TIM_Base_Start_IT
 .text.HAL_TIM_PWM_Init
                0x0000000008006f80       0x9e ./Drivers/STM32F1xx_HAL_Driver/Src/stm32f1xx_hal_tim.o
                0x0000000008006f80                HAL_TIM_PWM_Init
 .text.HAL_TIM_PWM_MspInit
                0x000000000800701e       0x12 ./Drivers/STM32F1xx_HAL_Driver/Src/stm32f1xx_hal_tim.o
                0x000000000800701e                HAL_TIM_PWM_MspInit
 .text.HAL_TIM_PWM_Start
                0x0000000008007030      0x144 ./Drivers/STM32F1xx_HAL_Driver/Src/stm32f1xx_hal_tim.o
                0x0000000008007030                HAL_TIM_PWM_Start
 .text.HAL_TIM_IRQHandler
                0x0000000008007174      0x210 ./Drivers/STM32F1xx_HAL_Driver/Src/stm32f1xx_hal_tim.o
                0x0000000008007174                HAL_TIM_IRQHandler
 .text.HAL_TIM_PWM_ConfigChannel
                0x0000000008007384      0x17c ./Drivers/STM32F1xx_HAL_Driver/Src/stm32f1xx_hal_tim.o
                0x0000000008007384                HAL_TIM_PWM_ConfigChannel
 .text.HAL_TIM_ConfigClockSource
                0x0000000008007500      0x188 ./Drivers/STM32F1xx_HAL_Driver/Src/stm32f1xx_hal_tim.o
                0x0000000008007500                HAL_TIM_ConfigClockSource
 .text.HAL_TIM_OC_DelayElapsedCallback
                0x0000000008007688       0x12 ./Drivers/STM32F1xx_HAL_Driver/Src/stm32f1xx_hal_tim.o
                0x0000000008007688                HAL_TIM_OC_DelayElapsedCallback
 .text.HAL_TIM_IC_CaptureCallback
                0x000000000800769a       0x12 ./Drivers/STM32F1xx_HAL_Driver/Src/stm32f1xx_hal_tim.o
                0x000000000800769a                HAL_TIM_IC_CaptureCallback
 .text.HAL_TIM_PWM_PulseFinishedCallback
                0x00000000080076ac       0x12 ./Drivers/STM32F1xx_HAL_Driver/Src/stm32f1xx_hal_tim.o
                0x00000000080076ac                HAL_TIM_PWM_PulseFinishedCallback
 .text.HAL_TIM_TriggerCallback
                0x00000000080076be       0x12 ./Drivers/STM32F1xx_HAL_Driver/Src/stm32f1xx_hal_tim.o
                0x00000000080076be                HAL_TIM_TriggerCallback
 .text.TIM_Base_SetConfig
                0x00000000080076d0       0xc4 ./Drivers/STM32F1xx_HAL_Driver/Src/stm32f1xx_hal_tim.o
                0x00000000080076d0                TIM_Base_SetConfig
 .text.TIM_OC1_SetConfig
                0x0000000008007794       0xcc ./Drivers/STM32F1xx_HAL_Driver/Src/stm32f1xx_hal_tim.o
 .text.TIM_OC2_SetConfig
                0x0000000008007860       0xd4 ./Drivers/STM32F1xx_HAL_Driver/Src/stm32f1xx_hal_tim.o
                0x0000000008007860                TIM_OC2_SetConfig
 .text.TIM_OC3_SetConfig
                0x0000000008007934       0xd4 ./Drivers/STM32F1xx_HAL_Driver/Src/stm32f1xx_hal_tim.o
 .text.TIM_OC4_SetConfig
                0x0000000008007a08       0x9c ./Drivers/STM32F1xx_HAL_Driver/Src/stm32f1xx_hal_tim.o
 .text.TIM_TI1_ConfigInputStage
                0x0000000008007aa4       0x5c ./Drivers/STM32F1xx_HAL_Driver/Src/stm32f1xx_hal_tim.o
 .text.TIM_TI2_ConfigInputStage
                0x0000000008007b00       0x5e ./Drivers/STM32F1xx_HAL_Driver/Src/stm32f1xx_hal_tim.o
 .text.TIM_ITRx_SetConfig
                0x0000000008007b5e       0x34 ./Drivers/STM32F1xx_HAL_Driver/Src/stm32f1xx_hal_tim.o
 .text.TIM_ETR_SetConfig
                0x0000000008007b92       0x3e ./Drivers/STM32F1xx_HAL_Driver/Src/stm32f1xx_hal_tim.o
                0x0000000008007b92                TIM_ETR_SetConfig
 .text.TIM_CCxChannelCmd
                0x0000000008007bd0       0x48 ./Drivers/STM32F1xx_HAL_Driver/Src/stm32f1xx_hal_tim.o
                0x0000000008007bd0                TIM_CCxChannelCmd
 .text.HAL_TIMEx_MasterConfigSynchronization
                0x0000000008007c18       0xbc ./Drivers/STM32F1xx_HAL_Driver/Src/stm32f1xx_hal_tim_ex.o
                0x0000000008007c18                HAL_TIMEx_MasterConfigSynchronization
 .text.HAL_TIMEx_CommutCallback
                0x0000000008007cd4       0x12 ./Drivers/STM32F1xx_HAL_Driver/Src/stm32f1xx_hal_tim_ex.o
                0x0000000008007cd4                HAL_TIMEx_CommutCallback
 .text.HAL_TIMEx_BreakCallback
                0x0000000008007ce6       0x12 ./Drivers/STM32F1xx_HAL_Driver/Src/stm32f1xx_hal_tim_ex.o
                0x0000000008007ce6                HAL_TIMEx_BreakCallback
 .text.HAL_UART_Init
                0x0000000008007cf8       0x9a ./Drivers/STM32F1xx_HAL_Driver/Src/stm32f1xx_hal_uart.o
                0x0000000008007cf8                HAL_UART_Init
 *fill*         0x0000000008007d92        0x2 
 .text.UART_SetConfig
                0x0000000008007d94      0x11c ./Drivers/STM32F1xx_HAL_Driver/Src/stm32f1xx_hal_uart.o
 .text.__errno  0x0000000008007eb0        0xc c:/st/stm32cubeide_1.10.1/stm32cubeide/plugins/com.st.stm32cube.ide.mcu.externaltools.gnu-tools-for-stm32.10.3-2021.10.win32_1.0.200.202301161003/tools/bin/../lib/gcc/arm-none-eabi/10.3.1/../../../../arm-none-eabi/lib/thumb/v7-m/nofp\libc_nano.a(lib_a-errno.o)
                0x0000000008007eb0                __errno
 .text.__libc_init_array
                0x0000000008007ebc       0x48 c:/st/stm32cubeide_1.10.1/stm32cubeide/plugins/com.st.stm32cube.ide.mcu.externaltools.gnu-tools-for-stm32.10.3-2021.10.win32_1.0.200.202301161003/tools/bin/../lib/gcc/arm-none-eabi/10.3.1/../../../../arm-none-eabi/lib/thumb/v7-m/nofp\libc_nano.a(lib_a-init.o)
                0x0000000008007ebc                __libc_init_array
 .text.memset   0x0000000008007f04       0x10 c:/st/stm32cubeide_1.10.1/stm32cubeide/plugins/com.st.stm32cube.ide.mcu.externaltools.gnu-tools-for-stm32.10.3-2021.10.win32_1.0.200.202301161003/tools/bin/../lib/gcc/arm-none-eabi/10.3.1/../../../../arm-none-eabi/lib/thumb/v7-m/nofp\libc_nano.a(lib_a-memset.o)
                0x0000000008007f04                memset
 .text.__cvt    0x0000000008007f14       0xbe c:/st/stm32cubeide_1.10.1/stm32cubeide/plugins/com.st.stm32cube.ide.mcu.externaltools.gnu-tools-for-stm32.10.3-2021.10.win32_1.0.200.202301161003/tools/bin/../lib/gcc/arm-none-eabi/10.3.1/../../../../arm-none-eabi/lib/thumb/v7-m/nofp\libc_nano.a(lib_a-nano-vfprintf_float.o)
                0x0000000008007f14                __cvt
 .text.__exponent
                0x0000000008007fd2       0x7c c:/st/stm32cubeide_1.10.1/stm32cubeide/plugins/com.st.stm32cube.ide.mcu.externaltools.gnu-tools-for-stm32.10.3-2021.10.win32_1.0.200.202301161003/tools/bin/../lib/gcc/arm-none-eabi/10.3.1/../../../../arm-none-eabi/lib/thumb/v7-m/nofp\libc_nano.a(lib_a-nano-vfprintf_float.o)
                0x0000000008007fd2                __exponent
 *fill*         0x000000000800804e        0x2 
 .text._printf_float
                0x0000000008008050      0x458 c:/st/stm32cubeide_1.10.1/stm32cubeide/plugins/com.st.stm32cube.ide.mcu.externaltools.gnu-tools-for-stm32.10.3-2021.10.win32_1.0.200.202301161003/tools/bin/../lib/gcc/arm-none-eabi/10.3.1/../../../../arm-none-eabi/lib/thumb/v7-m/nofp\libc_nano.a(lib_a-nano-vfprintf_float.o)
                0x0000000008008050                _printf_float
 .text._printf_common
                0x00000000080084a8       0xde c:/st/stm32cubeide_1.10.1/stm32cubeide/plugins/com.st.stm32cube.ide.mcu.externaltools.gnu-tools-for-stm32.10.3-2021.10.win32_1.0.200.202301161003/tools/bin/../lib/gcc/arm-none-eabi/10.3.1/../../../../arm-none-eabi/lib/thumb/v7-m/nofp\libc_nano.a(lib_a-nano-vfprintf_i.o)
                0x00000000080084a8                _printf_common
 *fill*         0x0000000008008586        0x2 
 .text._printf_i
                0x0000000008008588      0x24c c:/st/stm32cubeide_1.10.1/stm32cubeide/plugins/com.st.stm32cube.ide.mcu.externaltools.gnu-tools-for-stm32.10.3-2021.10.win32_1.0.200.202301161003/tools/bin/../lib/gcc/arm-none-eabi/10.3.1/../../../../arm-none-eabi/lib/thumb/v7-m/nofp\libc_nano.a(lib_a-nano-vfprintf_i.o)
                0x0000000008008588                _printf_i
 .text._scanf_float
                0x00000000080087d4      0x41c c:/st/stm32cubeide_1.10.1/stm32cubeide/plugins/com.st.stm32cube.ide.mcu.externaltools.gnu-tools-for-stm32.10.3-2021.10.win32_1.0.200.202301161003/tools/bin/../lib/gcc/arm-none-eabi/10.3.1/../../../../arm-none-eabi/lib/thumb/v7-m/nofp\libc_nano.a(lib_a-nano-vfscanf_float.o)
                0x00000000080087d4                _scanf_float
 .text.nanf     0x0000000008008bf0        0x8 c:/st/stm32cubeide_1.10.1/stm32cubeide/plugins/com.st.stm32cube.ide.mcu.externaltools.gnu-tools-for-stm32.10.3-2021.10.win32_1.0.200.202301161003/tools/bin/../lib/gcc/arm-none-eabi/10.3.1/../../../../arm-none-eabi/lib/thumb/v7-m/nofp\libc_nano.a(lib_a-sf_nan.o)
                0x0000000008008bf0                nanf
 .text.sprintf  0x0000000008008bf8       0x40 c:/st/stm32cubeide_1.10.1/stm32cubeide/plugins/com.st.stm32cube.ide.mcu.externaltools.gnu-tools-for-stm32.10.3-2021.10.win32_1.0.200.202301161003/tools/bin/../lib/gcc/arm-none-eabi/10.3.1/../../../../arm-none-eabi/lib/thumb/v7-m/nofp\libc_nano.a(lib_a-sprintf.o)
                0x0000000008008bf8                siprintf
                0x0000000008008bf8                sprintf
 .text.sulp     0x0000000008008c38       0x42 c:/st/stm32cubeide_1.10.1/stm32cubeide/plugins/com.st.stm32cube.ide.mcu.externaltools.gnu-tools-for-stm32.10.3-2021.10.win32_1.0.200.202301161003/tools/bin/../lib/gcc/arm-none-eabi/10.3.1/../../../../arm-none-eabi/lib/thumb/v7-m/nofp\libc_nano.a(lib_a-strtod.o)
 *fill*         0x0000000008008c7a        0x6 
 .text._strtod_l
                0x0000000008008c80      0xbd0 c:/st/stm32cubeide_1.10.1/stm32cubeide/plugins/com.st.stm32cube.ide.mcu.externaltools.gnu-tools-for-stm32.10.3-2021.10.win32_1.0.200.202301161003/tools/bin/../lib/gcc/arm-none-eabi/10.3.1/../../../../arm-none-eabi/lib/thumb/v7-m/nofp\libc_nano.a(lib_a-strtod.o)
                0x0000000008008c80                _strtod_l
 .text._strtod_r
                0x0000000008009850        0xc c:/st/stm32cubeide_1.10.1/stm32cubeide/plugins/com.st.stm32cube.ide.mcu.externaltools.gnu-tools-for-stm32.10.3-2021.10.win32_1.0.200.202301161003/tools/bin/../lib/gcc/arm-none-eabi/10.3.1/../../../../arm-none-eabi/lib/thumb/v7-m/nofp\libc_nano.a(lib_a-strtod.o)
                0x0000000008009850                _strtod_r
 .text._strtol_l.constprop.0
                0x000000000800985c       0xf8 c:/st/stm32cubeide_1.10.1/stm32cubeide/plugins/com.st.stm32cube.ide.mcu.externaltools.gnu-tools-for-stm32.10.3-2021.10.win32_1.0.200.202301161003/tools/bin/../lib/gcc/arm-none-eabi/10.3.1/../../../../arm-none-eabi/lib/thumb/v7-m/nofp\libc_nano.a(lib_a-strtol.o)
 .text._strtol_r
                0x0000000008009954        0x4 c:/st/stm32cubeide_1.10.1/stm32cubeide/plugins/com.st.stm32cube.ide.mcu.externaltools.gnu-tools-for-stm32.10.3-2021.10.win32_1.0.200.202301161003/tools/bin/../lib/gcc/arm-none-eabi/10.3.1/../../../../arm-none-eabi/lib/thumb/v7-m/nofp\libc_nano.a(lib_a-strtol.o)
                0x0000000008009954                _strtol_r
 .text.quorem   0x0000000008009958      0x118 c:/st/stm32cubeide_1.10.1/stm32cubeide/plugins/com.st.stm32cube.ide.mcu.externaltools.gnu-tools-for-stm32.10.3-2021.10.win32_1.0.200.202301161003/tools/bin/../lib/gcc/arm-none-eabi/10.3.1/../../../../arm-none-eabi/lib/thumb/v7-m/nofp\libc_nano.a(lib_a-dtoa.o)
 .text._dtoa_r  0x0000000008009a70      0xbdc c:/st/stm32cubeide_1.10.1/stm32cubeide/plugins/com.st.stm32cube.ide.mcu.externaltools.gnu-tools-for-stm32.10.3-2021.10.win32_1.0.200.202301161003/tools/bin/../lib/gcc/arm-none-eabi/10.3.1/../../../../arm-none-eabi/lib/thumb/v7-m/nofp\libc_nano.a(lib_a-dtoa.o)
                0x0000000008009a70                _dtoa_r
 .text.rshift   0x000000000800a64c       0xa6 c:/st/stm32cubeide_1.10.1/stm32cubeide/plugins/com.st.stm32cube.ide.mcu.externaltools.gnu-tools-for-stm32.10.3-2021.10.win32_1.0.200.202301161003/tools/bin/../lib/gcc/arm-none-eabi/10.3.1/../../../../arm-none-eabi/lib/thumb/v7-m/nofp\libc_nano.a(lib_a-gdtoa-gethex.o)
 .text.__hexdig_fun
                0x000000000800a6f2       0x2a c:/st/stm32cubeide_1.10.1/stm32cubeide/plugins/com.st.stm32cube.ide.mcu.externaltools.gnu-tools-for-stm32.10.3-2021.10.win32_1.0.200.202301161003/tools/bin/../lib/gcc/arm-none-eabi/10.3.1/../../../../arm-none-eabi/lib/thumb/v7-m/nofp\libc_nano.a(lib_a-gdtoa-gethex.o)
                0x000000000800a6f2                __hexdig_fun
 .text.__gethex
                0x000000000800a71c      0x478 c:/st/stm32cubeide_1.10.1/stm32cubeide/plugins/com.st.stm32cube.ide.mcu.externaltools.gnu-tools-for-stm32.10.3-2021.10.win32_1.0.200.202301161003/tools/bin/../lib/gcc/arm-none-eabi/10.3.1/../../../../arm-none-eabi/lib/thumb/v7-m/nofp\libc_nano.a(lib_a-gdtoa-gethex.o)
                0x000000000800a71c                __gethex
 .text.L_shift  0x000000000800ab94       0x24 c:/st/stm32cubeide_1.10.1/stm32cubeide/plugins/com.st.stm32cube.ide.mcu.externaltools.gnu-tools-for-stm32.10.3-2021.10.win32_1.0.200.202301161003/tools/bin/../lib/gcc/arm-none-eabi/10.3.1/../../../../arm-none-eabi/lib/thumb/v7-m/nofp\libc_nano.a(lib_a-gdtoa-hexnan.o)
 .text.__match  0x000000000800abb8       0x28 c:/st/stm32cubeide_1.10.1/stm32cubeide/plugins/com.st.stm32cube.ide.mcu.externaltools.gnu-tools-for-stm32.10.3-2021.10.win32_1.0.200.202301161003/tools/bin/../lib/gcc/arm-none-eabi/10.3.1/../../../../arm-none-eabi/lib/thumb/v7-m/nofp\libc_nano.a(lib_a-gdtoa-hexnan.o)
                0x000000000800abb8                __match
 .text.__hexnan
                0x000000000800abe0      0x138 c:/st/stm32cubeide_1.10.1/stm32cubeide/plugins/com.st.stm32cube.ide.mcu.externaltools.gnu-tools-for-stm32.10.3-2021.10.win32_1.0.200.202301161003/tools/bin/../lib/gcc/arm-none-eabi/10.3.1/../../../../arm-none-eabi/lib/thumb/v7-m/nofp\libc_nano.a(lib_a-gdtoa-hexnan.o)
                0x000000000800abe0                __hexnan
 .text._localeconv_r
                0x000000000800ad18        0x8 c:/st/stm32cubeide_1.10.1/stm32cubeide/plugins/com.st.stm32cube.ide.mcu.externaltools.gnu-tools-for-stm32.10.3-2021.10.win32_1.0.200.202301161003/tools/bin/../lib/gcc/arm-none-eabi/10.3.1/../../../../arm-none-eabi/lib/thumb/v7-m/nofp\libc_nano.a(lib_a-localeconv.o)
                0x000000000800ad18                _localeconv_r
 .text.malloc   0x000000000800ad20       0x10 c:/st/stm32cubeide_1.10.1/stm32cubeide/plugins/com.st.stm32cube.ide.mcu.externaltools.gnu-tools-for-stm32.10.3-2021.10.win32_1.0.200.202301161003/tools/bin/../lib/gcc/arm-none-eabi/10.3.1/../../../../arm-none-eabi/lib/thumb/v7-m/nofp\libc_nano.a(lib_a-malloc.o)
                0x000000000800ad20                malloc
 .text.__ascii_mbtowc
                0x000000000800ad30       0x24 c:/st/stm32cubeide_1.10.1/stm32cubeide/plugins/com.st.stm32cube.ide.mcu.externaltools.gnu-tools-for-stm32.10.3-2021.10.win32_1.0.200.202301161003/tools/bin/../lib/gcc/arm-none-eabi/10.3.1/../../../../arm-none-eabi/lib/thumb/v7-m/nofp\libc_nano.a(lib_a-mbtowc_r.o)
                0x000000000800ad30                __ascii_mbtowc
 .text.memchr   0x000000000800ad54       0x1c c:/st/stm32cubeide_1.10.1/stm32cubeide/plugins/com.st.stm32cube.ide.mcu.externaltools.gnu-tools-for-stm32.10.3-2021.10.win32_1.0.200.202301161003/tools/bin/../lib/gcc/arm-none-eabi/10.3.1/../../../../arm-none-eabi/lib/thumb/v7-m/nofp\libc_nano.a(lib_a-memchr-stub.o)
                0x000000000800ad54                memchr
 .text.memcpy   0x000000000800ad70       0x1c c:/st/stm32cubeide_1.10.1/stm32cubeide/plugins/com.st.stm32cube.ide.mcu.externaltools.gnu-tools-for-stm32.10.3-2021.10.win32_1.0.200.202301161003/tools/bin/../lib/gcc/arm-none-eabi/10.3.1/../../../../arm-none-eabi/lib/thumb/v7-m/nofp\libc_nano.a(lib_a-memcpy-stub.o)
                0x000000000800ad70                memcpy
 .text._Balloc  0x000000000800ad8c       0x80 c:/st/stm32cubeide_1.10.1/stm32cubeide/plugins/com.st.stm32cube.ide.mcu.externaltools.gnu-tools-for-stm32.10.3-2021.10.win32_1.0.200.202301161003/tools/bin/../lib/gcc/arm-none-eabi/10.3.1/../../../../arm-none-eabi/lib/thumb/v7-m/nofp\libc_nano.a(lib_a-mprec.o)
                0x000000000800ad8c                _Balloc
 .text._Bfree   0x000000000800ae0c       0x44 c:/st/stm32cubeide_1.10.1/stm32cubeide/plugins/com.st.stm32cube.ide.mcu.externaltools.gnu-tools-for-stm32.10.3-2021.10.win32_1.0.200.202301161003/tools/bin/../lib/gcc/arm-none-eabi/10.3.1/../../../../arm-none-eabi/lib/thumb/v7-m/nofp\libc_nano.a(lib_a-mprec.o)
                0x000000000800ae0c                _Bfree
 .text.__multadd
                0x000000000800ae50       0x8c c:/st/stm32cubeide_1.10.1/stm32cubeide/plugins/com.st.stm32cube.ide.mcu.externaltools.gnu-tools-for-stm32.10.3-2021.10.win32_1.0.200.202301161003/tools/bin/../lib/gcc/arm-none-eabi/10.3.1/../../../../arm-none-eabi/lib/thumb/v7-m/nofp\libc_nano.a(lib_a-mprec.o)
                0x000000000800ae50                __multadd
 .text.__s2b    0x000000000800aedc       0x94 c:/st/stm32cubeide_1.10.1/stm32cubeide/plugins/com.st.stm32cube.ide.mcu.externaltools.gnu-tools-for-stm32.10.3-2021.10.win32_1.0.200.202301161003/tools/bin/../lib/gcc/arm-none-eabi/10.3.1/../../../../arm-none-eabi/lib/thumb/v7-m/nofp\libc_nano.a(lib_a-mprec.o)
                0x000000000800aedc                __s2b
 .text.__hi0bits
                0x000000000800af70       0x40 c:/st/stm32cubeide_1.10.1/stm32cubeide/plugins/com.st.stm32cube.ide.mcu.externaltools.gnu-tools-for-stm32.10.3-2021.10.win32_1.0.200.202301161003/tools/bin/../lib/gcc/arm-none-eabi/10.3.1/../../../../arm-none-eabi/lib/thumb/v7-m/nofp\libc_nano.a(lib_a-mprec.o)
                0x000000000800af70                __hi0bits
 .text.__lo0bits
                0x000000000800afb0       0x5a c:/st/stm32cubeide_1.10.1/stm32cubeide/plugins/com.st.stm32cube.ide.mcu.externaltools.gnu-tools-for-stm32.10.3-2021.10.win32_1.0.200.202301161003/tools/bin/../lib/gcc/arm-none-eabi/10.3.1/../../../../arm-none-eabi/lib/thumb/v7-m/nofp\libc_nano.a(lib_a-mprec.o)
                0x000000000800afb0                __lo0bits
 *fill*         0x000000000800b00a        0x2 
 .text.__i2b    0x000000000800b00c       0x2c c:/st/stm32cubeide_1.10.1/stm32cubeide/plugins/com.st.stm32cube.ide.mcu.externaltools.gnu-tools-for-stm32.10.3-2021.10.win32_1.0.200.202301161003/tools/bin/../lib/gcc/arm-none-eabi/10.3.1/../../../../arm-none-eabi/lib/thumb/v7-m/nofp\libc_nano.a(lib_a-mprec.o)
                0x000000000800b00c                __i2b
 .text.__multiply
                0x000000000800b038      0x150 c:/st/stm32cubeide_1.10.1/stm32cubeide/plugins/com.st.stm32cube.ide.mcu.externaltools.gnu-tools-for-stm32.10.3-2021.10.win32_1.0.200.202301161003/tools/bin/../lib/gcc/arm-none-eabi/10.3.1/../../../../arm-none-eabi/lib/thumb/v7-m/nofp\libc_nano.a(lib_a-mprec.o)
                0x000000000800b038                __multiply
 .text.__pow5mult
                0x000000000800b188       0xb4 c:/st/stm32cubeide_1.10.1/stm32cubeide/plugins/com.st.stm32cube.ide.mcu.externaltools.gnu-tools-for-stm32.10.3-2021.10.win32_1.0.200.202301161003/tools/bin/../lib/gcc/arm-none-eabi/10.3.1/../../../../arm-none-eabi/lib/thumb/v7-m/nofp\libc_nano.a(lib_a-mprec.o)
                0x000000000800b188                __pow5mult
 .text.__lshift
                0x000000000800b23c       0xe0 c:/st/stm32cubeide_1.10.1/stm32cubeide/plugins/com.st.stm32cube.ide.mcu.externaltools.gnu-tools-for-stm32.10.3-2021.10.win32_1.0.200.202301161003/tools/bin/../lib/gcc/arm-none-eabi/10.3.1/../../../../arm-none-eabi/lib/thumb/v7-m/nofp\libc_nano.a(lib_a-mprec.o)
                0x000000000800b23c                __lshift
 .text.__mcmp   0x000000000800b31c       0x36 c:/st/stm32cubeide_1.10.1/stm32cubeide/plugins/com.st.stm32cube.ide.mcu.externaltools.gnu-tools-for-stm32.10.3-2021.10.win32_1.0.200.202301161003/tools/bin/../lib/gcc/arm-none-eabi/10.3.1/../../../../arm-none-eabi/lib/thumb/v7-m/nofp\libc_nano.a(lib_a-mprec.o)
                0x000000000800b31c                __mcmp
 *fill*         0x000000000800b352        0x2 
 .text.__mdiff  0x000000000800b354      0x118 c:/st/stm32cubeide_1.10.1/stm32cubeide/plugins/com.st.stm32cube.ide.mcu.externaltools.gnu-tools-for-stm32.10.3-2021.10.win32_1.0.200.202301161003/tools/bin/../lib/gcc/arm-none-eabi/10.3.1/../../../../arm-none-eabi/lib/thumb/v7-m/nofp\libc_nano.a(lib_a-mprec.o)
                0x000000000800b354                __mdiff
 .text.__ulp    0x000000000800b46c       0x4c c:/st/stm32cubeide_1.10.1/stm32cubeide/plugins/com.st.stm32cube.ide.mcu.externaltools.gnu-tools-for-stm32.10.3-2021.10.win32_1.0.200.202301161003/tools/bin/../lib/gcc/arm-none-eabi/10.3.1/../../../../arm-none-eabi/lib/thumb/v7-m/nofp\libc_nano.a(lib_a-mprec.o)
                0x000000000800b46c                __ulp
 .text.__b2d    0x000000000800b4b8       0xa8 c:/st/stm32cubeide_1.10.1/stm32cubeide/plugins/com.st.stm32cube.ide.mcu.externaltools.gnu-tools-for-stm32.10.3-2021.10.win32_1.0.200.202301161003/tools/bin/../lib/gcc/arm-none-eabi/10.3.1/../../../../arm-none-eabi/lib/thumb/v7-m/nofp\libc_nano.a(lib_a-mprec.o)
                0x000000000800b4b8                __b2d
 .text.__d2b    0x000000000800b560       0xb8 c:/st/stm32cubeide_1.10.1/stm32cubeide/plugins/com.st.stm32cube.ide.mcu.externaltools.gnu-tools-for-stm32.10.3-2021.10.win32_1.0.200.202301161003/tools/bin/../lib/gcc/arm-none-eabi/10.3.1/../../../../arm-none-eabi/lib/thumb/v7-m/nofp\libc_nano.a(lib_a-mprec.o)
                0x000000000800b560                __d2b
 .text.__ratio  0x000000000800b618       0x5c c:/st/stm32cubeide_1.10.1/stm32cubeide/plugins/com.st.stm32cube.ide.mcu.externaltools.gnu-tools-for-stm32.10.3-2021.10.win32_1.0.200.202301161003/tools/bin/../lib/gcc/arm-none-eabi/10.3.1/../../../../arm-none-eabi/lib/thumb/v7-m/nofp\libc_nano.a(lib_a-mprec.o)
                0x000000000800b618                __ratio
 .text.__copybits
                0x000000000800b674       0x46 c:/st/stm32cubeide_1.10.1/stm32cubeide/plugins/com.st.stm32cube.ide.mcu.externaltools.gnu-tools-for-stm32.10.3-2021.10.win32_1.0.200.202301161003/tools/bin/../lib/gcc/arm-none-eabi/10.3.1/../../../../arm-none-eabi/lib/thumb/v7-m/nofp\libc_nano.a(lib_a-mprec.o)
                0x000000000800b674                __copybits
 .text.__any_on
                0x000000000800b6ba       0x42 c:/st/stm32cubeide_1.10.1/stm32cubeide/plugins/com.st.stm32cube.ide.mcu.externaltools.gnu-tools-for-stm32.10.3-2021.10.win32_1.0.200.202301161003/tools/bin/../lib/gcc/arm-none-eabi/10.3.1/../../../../arm-none-eabi/lib/thumb/v7-m/nofp\libc_nano.a(lib_a-mprec.o)
                0x000000000800b6ba                __any_on
 .text._calloc_r
                0x000000000800b6fc       0x28 c:/st/stm32cubeide_1.10.1/stm32cubeide/plugins/com.st.stm32cube.ide.mcu.externaltools.gnu-tools-for-stm32.10.3-2021.10.win32_1.0.200.202301161003/tools/bin/../lib/gcc/arm-none-eabi/10.3.1/../../../../arm-none-eabi/lib/thumb/v7-m/nofp\libc_nano.a(lib_a-nano-callocr.o)
                0x000000000800b6fc                _calloc_r
 .text._free_r  0x000000000800b724       0x90 c:/st/stm32cubeide_1.10.1/stm32cubeide/plugins/com.st.stm32cube.ide.mcu.externaltools.gnu-tools-for-stm32.10.3-2021.10.win32_1.0.200.202301161003/tools/bin/../lib/gcc/arm-none-eabi/10.3.1/../../../../arm-none-eabi/lib/thumb/v7-m/nofp\libc_nano.a(lib_a-nano-freer.o)
                0x000000000800b724                _free_r
 .text.sbrk_aligned
                0x000000000800b7b4       0x40 c:/st/stm32cubeide_1.10.1/stm32cubeide/plugins/com.st.stm32cube.ide.mcu.externaltools.gnu-tools-for-stm32.10.3-2021.10.win32_1.0.200.202301161003/tools/bin/../lib/gcc/arm-none-eabi/10.3.1/../../../../arm-none-eabi/lib/thumb/v7-m/nofp\libc_nano.a(lib_a-nano-mallocr.o)
 .text._malloc_r
                0x000000000800b7f4       0xe8 c:/st/stm32cubeide_1.10.1/stm32cubeide/plugins/com.st.stm32cube.ide.mcu.externaltools.gnu-tools-for-stm32.10.3-2021.10.win32_1.0.200.202301161003/tools/bin/../lib/gcc/arm-none-eabi/10.3.1/../../../../arm-none-eabi/lib/thumb/v7-m/nofp\libc_nano.a(lib_a-nano-mallocr.o)
                0x000000000800b7f4                _malloc_r
 .text.__ssputs_r
                0x000000000800b8dc       0xb6 c:/st/stm32cubeide_1.10.1/stm32cubeide/plugins/com.st.stm32cube.ide.mcu.externaltools.gnu-tools-for-stm32.10.3-2021.10.win32_1.0.200.202301161003/tools/bin/../lib/gcc/arm-none-eabi/10.3.1/../../../../arm-none-eabi/lib/thumb/v7-m/nofp\libc_nano.a(lib_a-nano-svfprintf.o)
                0x000000000800b8dc                __ssputs_r
 *fill*         0x000000000800b992        0x2 
 .text._svfprintf_r
                0x000000000800b994      0x200 c:/st/stm32cubeide_1.10.1/stm32cubeide/plugins/com.st.stm32cube.ide.mcu.externaltools.gnu-tools-for-stm32.10.3-2021.10.win32_1.0.200.202301161003/tools/bin/../lib/gcc/arm-none-eabi/10.3.1/../../../../arm-none-eabi/lib/thumb/v7-m/nofp\libc_nano.a(lib_a-nano-svfprintf.o)
                0x000000000800b994                _svfiprintf_r
                0x000000000800b994                _svfprintf_r
 .text.nan      0x000000000800bb94        0xc c:/st/stm32cubeide_1.10.1/stm32cubeide/plugins/com.st.stm32cube.ide.mcu.externaltools.gnu-tools-for-stm32.10.3-2021.10.win32_1.0.200.202301161003/tools/bin/../lib/gcc/arm-none-eabi/10.3.1/../../../../arm-none-eabi/lib/thumb/v7-m/nofp\libc_nano.a(lib_a-s_nan.o)
                0x000000000800bb94                nan
 .text._sbrk_r  0x000000000800bba0       0x20 c:/st/stm32cubeide_1.10.1/stm32cubeide/plugins/com.st.stm32cube.ide.mcu.externaltools.gnu-tools-for-stm32.10.3-2021.10.win32_1.0.200.202301161003/tools/bin/../lib/gcc/arm-none-eabi/10.3.1/../../../../arm-none-eabi/lib/thumb/v7-m/nofp\libc_nano.a(lib_a-sbrkr.o)
                0x000000000800bba0                _sbrk_r
 .text.strncmp  0x000000000800bbc0       0x28 c:/st/stm32cubeide_1.10.1/stm32cubeide/plugins/com.st.stm32cube.ide.mcu.externaltools.gnu-tools-for-stm32.10.3-2021.10.win32_1.0.200.202301161003/tools/bin/../lib/gcc/arm-none-eabi/10.3.1/../../../../arm-none-eabi/lib/thumb/v7-m/nofp\libc_nano.a(lib_a-strncmp.o)
                0x000000000800bbc0                strncmp
 .text.__ascii_wctomb
                0x000000000800bbe8       0x1a c:/st/stm32cubeide_1.10.1/stm32cubeide/plugins/com.st.stm32cube.ide.mcu.externaltools.gnu-tools-for-stm32.10.3-2021.10.win32_1.0.200.202301161003/tools/bin/../lib/gcc/arm-none-eabi/10.3.1/../../../../arm-none-eabi/lib/thumb/v7-m/nofp\libc_nano.a(lib_a-wctomb_r.o)
                0x000000000800bbe8                __ascii_wctomb
 *fill*         0x000000000800bc02        0x2 
 .text.__assert_func
                0x000000000800bc04       0x3c c:/st/stm32cubeide_1.10.1/stm32cubeide/plugins/com.st.stm32cube.ide.mcu.externaltools.gnu-tools-for-stm32.10.3-2021.10.win32_1.0.200.202301161003/tools/bin/../lib/gcc/arm-none-eabi/10.3.1/../../../../arm-none-eabi/lib/thumb/v7-m/nofp\libc_nano.a(lib_a-assert.o)
                0x000000000800bc04                __assert_func
 .text.fprintf  0x000000000800bc40       0x24 c:/st/stm32cubeide_1.10.1/stm32cubeide/plugins/com.st.stm32cube.ide.mcu.externaltools.gnu-tools-for-stm32.10.3-2021.10.win32_1.0.200.202301161003/tools/bin/../lib/gcc/arm-none-eabi/10.3.1/../../../../arm-none-eabi/lib/thumb/v7-m/nofp\libc_nano.a(lib_a-fprintf.o)
                0x000000000800bc40                fiprintf
                0x000000000800bc40                fprintf
 .text.memmove  0x000000000800bc64       0x34 c:/st/stm32cubeide_1.10.1/stm32cubeide/plugins/com.st.stm32cube.ide.mcu.externaltools.gnu-tools-for-stm32.10.3-2021.10.win32_1.0.200.202301161003/tools/bin/../lib/gcc/arm-none-eabi/10.3.1/../../../../arm-none-eabi/lib/thumb/v7-m/nofp\libc_nano.a(lib_a-memmove.o)
                0x000000000800bc64                memmove
 .text.__malloc_lock
                0x000000000800bc98        0xc c:/st/stm32cubeide_1.10.1/stm32cubeide/plugins/com.st.stm32cube.ide.mcu.externaltools.gnu-tools-for-stm32.10.3-2021.10.win32_1.0.200.202301161003/tools/bin/../lib/gcc/arm-none-eabi/10.3.1/../../../../arm-none-eabi/lib/thumb/v7-m/nofp\libc_nano.a(lib_a-mlock.o)
                0x000000000800bc98                __malloc_lock
 .text.__malloc_unlock
                0x000000000800bca4        0xc c:/st/stm32cubeide_1.10.1/stm32cubeide/plugins/com.st.stm32cube.ide.mcu.externaltools.gnu-tools-for-stm32.10.3-2021.10.win32_1.0.200.202301161003/tools/bin/../lib/gcc/arm-none-eabi/10.3.1/../../../../arm-none-eabi/lib/thumb/v7-m/nofp\libc_nano.a(lib_a-mlock.o)
                0x000000000800bca4                __malloc_unlock
 .text._realloc_r
                0x000000000800bcb0       0x5e c:/st/stm32cubeide_1.10.1/stm32cubeide/plugins/com.st.stm32cube.ide.mcu.externaltools.gnu-tools-for-stm32.10.3-2021.10.win32_1.0.200.202301161003/tools/bin/../lib/gcc/arm-none-eabi/10.3.1/../../../../arm-none-eabi/lib/thumb/v7-m/nofp\libc_nano.a(lib_a-nano-reallocr.o)
                0x000000000800bcb0                _realloc_r
 .text.__sfputc_r
                0x000000000800bd0e       0x2a c:/st/stm32cubeide_1.10.1/stm32cubeide/plugins/com.st.stm32cube.ide.mcu.externaltools.gnu-tools-for-stm32.10.3-2021.10.win32_1.0.200.202301161003/tools/bin/../lib/gcc/arm-none-eabi/10.3.1/../../../../arm-none-eabi/lib/thumb/v7-m/nofp\libc_nano.a(lib_a-nano-vfprintf.o)
 .text.__sfputs_r
                0x000000000800bd38       0x24 c:/st/stm32cubeide_1.10.1/stm32cubeide/plugins/com.st.stm32cube.ide.mcu.externaltools.gnu-tools-for-stm32.10.3-2021.10.win32_1.0.200.202301161003/tools/bin/../lib/gcc/arm-none-eabi/10.3.1/../../../../arm-none-eabi/lib/thumb/v7-m/nofp\libc_nano.a(lib_a-nano-vfprintf.o)
                0x000000000800bd38                __sfputs_r
 .text._vfprintf_r
                0x000000000800bd5c      0x260 c:/st/stm32cubeide_1.10.1/stm32cubeide/plugins/com.st.stm32cube.ide.mcu.externaltools.gnu-tools-for-stm32.10.3-2021.10.win32_1.0.200.202301161003/tools/bin/../lib/gcc/arm-none-eabi/10.3.1/../../../../arm-none-eabi/lib/thumb/v7-m/nofp\libc_nano.a(lib_a-nano-vfprintf.o)
                0x000000000800bd5c                _vfprintf_r
                0x000000000800bd5c                _vfiprintf_r
 .text.__swbuf_r
                0x000000000800bfbc       0xa4 c:/st/stm32cubeide_1.10.1/stm32cubeide/plugins/com.st.stm32cube.ide.mcu.externaltools.gnu-tools-for-stm32.10.3-2021.10.win32_1.0.200.202301161003/tools/bin/../lib/gcc/arm-none-eabi/10.3.1/../../../../arm-none-eabi/lib/thumb/v7-m/nofp\libc_nano.a(lib_a-wbuf.o)
                0x000000000800bfbc                __swbuf_r
 .text.__swsetup_r
                0x000000000800c060       0xdc c:/st/stm32cubeide_1.10.1/stm32cubeide/plugins/com.st.stm32cube.ide.mcu.externaltools.gnu-tools-for-stm32.10.3-2021.10.win32_1.0.200.202301161003/tools/bin/../lib/gcc/arm-none-eabi/10.3.1/../../../../arm-none-eabi/lib/thumb/v7-m/nofp\libc_nano.a(lib_a-wsetup.o)
                0x000000000800c060                __swsetup_r
 .text.abort    0x000000000800c13c        0xe c:/st/stm32cubeide_1.10.1/stm32cubeide/plugins/com.st.stm32cube.ide.mcu.externaltools.gnu-tools-for-stm32.10.3-2021.10.win32_1.0.200.202301161003/tools/bin/../lib/gcc/arm-none-eabi/10.3.1/../../../../arm-none-eabi/lib/thumb/v7-m/nofp\libc_nano.a(lib_a-abort.o)
                0x000000000800c13c                abort
 *fill*         0x000000000800c14a        0x2 
 .text.__sflush_r
                0x000000000800c14c      0x104 c:/st/stm32cubeide_1.10.1/stm32cubeide/plugins/com.st.stm32cube.ide.mcu.externaltools.gnu-tools-for-stm32.10.3-2021.10.win32_1.0.200.202301161003/tools/bin/../lib/gcc/arm-none-eabi/10.3.1/../../../../arm-none-eabi/lib/thumb/v7-m/nofp\libc_nano.a(lib_a-fflush.o)
                0x000000000800c14c                __sflush_r
 .text._fflush_r
                0x000000000800c250       0x78 c:/st/stm32cubeide_1.10.1/stm32cubeide/plugins/com.st.stm32cube.ide.mcu.externaltools.gnu-tools-for-stm32.10.3-2021.10.win32_1.0.200.202301161003/tools/bin/../lib/gcc/arm-none-eabi/10.3.1/../../../../arm-none-eabi/lib/thumb/v7-m/nofp\libc_nano.a(lib_a-fflush.o)
                0x000000000800c250                _fflush_r
 .text.std      0x000000000800c2c8       0x48 c:/st/stm32cubeide_1.10.1/stm32cubeide/plugins/com.st.stm32cube.ide.mcu.externaltools.gnu-tools-for-stm32.10.3-2021.10.win32_1.0.200.202301161003/tools/bin/../lib/gcc/arm-none-eabi/10.3.1/../../../../arm-none-eabi/lib/thumb/v7-m/nofp\libc_nano.a(lib_a-findfp.o)
 .text._cleanup_r
                0x000000000800c310        0xc c:/st/stm32cubeide_1.10.1/stm32cubeide/plugins/com.st.stm32cube.ide.mcu.externaltools.gnu-tools-for-stm32.10.3-2021.10.win32_1.0.200.202301161003/tools/bin/../lib/gcc/arm-none-eabi/10.3.1/../../../../arm-none-eabi/lib/thumb/v7-m/nofp\libc_nano.a(lib_a-findfp.o)
                0x000000000800c310                _cleanup_r
 .text.__sfmoreglue
                0x000000000800c31c       0x2c c:/st/stm32cubeide_1.10.1/stm32cubeide/plugins/com.st.stm32cube.ide.mcu.externaltools.gnu-tools-for-stm32.10.3-2021.10.win32_1.0.200.202301161003/tools/bin/../lib/gcc/arm-none-eabi/10.3.1/../../../../arm-none-eabi/lib/thumb/v7-m/nofp\libc_nano.a(lib_a-findfp.o)
                0x000000000800c31c                __sfmoreglue
 .text.__sfp_lock_acquire
                0x000000000800c348        0xc c:/st/stm32cubeide_1.10.1/stm32cubeide/plugins/com.st.stm32cube.ide.mcu.externaltools.gnu-tools-for-stm32.10.3-2021.10.win32_1.0.200.202301161003/tools/bin/../lib/gcc/arm-none-eabi/10.3.1/../../../../arm-none-eabi/lib/thumb/v7-m/nofp\libc_nano.a(lib_a-findfp.o)
                0x000000000800c348                __sfp_lock_acquire
 .text.__sfp_lock_release
                0x000000000800c354        0xc c:/st/stm32cubeide_1.10.1/stm32cubeide/plugins/com.st.stm32cube.ide.mcu.externaltools.gnu-tools-for-stm32.10.3-2021.10.win32_1.0.200.202301161003/tools/bin/../lib/gcc/arm-none-eabi/10.3.1/../../../../arm-none-eabi/lib/thumb/v7-m/nofp\libc_nano.a(lib_a-findfp.o)
                0x000000000800c354                __sfp_lock_release
 .text.__sinit_lock_acquire
                0x000000000800c360        0xc c:/st/stm32cubeide_1.10.1/stm32cubeide/plugins/com.st.stm32cube.ide.mcu.externaltools.gnu-tools-for-stm32.10.3-2021.10.win32_1.0.200.202301161003/tools/bin/../lib/gcc/arm-none-eabi/10.3.1/../../../../arm-none-eabi/lib/thumb/v7-m/nofp\libc_nano.a(lib_a-findfp.o)
                0x000000000800c360                __sinit_lock_acquire
 .text.__sinit_lock_release
                0x000000000800c36c        0xc c:/st/stm32cubeide_1.10.1/stm32cubeide/plugins/com.st.stm32cube.ide.mcu.externaltools.gnu-tools-for-stm32.10.3-2021.10.win32_1.0.200.202301161003/tools/bin/../lib/gcc/arm-none-eabi/10.3.1/../../../../arm-none-eabi/lib/thumb/v7-m/nofp\libc_nano.a(lib_a-findfp.o)
                0x000000000800c36c                __sinit_lock_release
 .text.__sinit  0x000000000800c378       0x70 c:/st/stm32cubeide_1.10.1/stm32cubeide/plugins/com.st.stm32cube.ide.mcu.externaltools.gnu-tools-for-stm32.10.3-2021.10.win32_1.0.200.202301161003/tools/bin/../lib/gcc/arm-none-eabi/10.3.1/../../../../arm-none-eabi/lib/thumb/v7-m/nofp\libc_nano.a(lib_a-findfp.o)
                0x000000000800c378                __sinit
 .text.__sfp    0x000000000800c3e8       0x8c c:/st/stm32cubeide_1.10.1/stm32cubeide/plugins/com.st.stm32cube.ide.mcu.externaltools.gnu-tools-for-stm32.10.3-2021.10.win32_1.0.200.202301161003/tools/bin/../lib/gcc/arm-none-eabi/10.3.1/../../../../arm-none-eabi/lib/thumb/v7-m/nofp\libc_nano.a(lib_a-findfp.o)
                0x000000000800c3e8                __sfp
 .text._fwalk_reent
                0x000000000800c474       0x3e c:/st/stm32cubeide_1.10.1/stm32cubeide/plugins/com.st.stm32cube.ide.mcu.externaltools.gnu-tools-for-stm32.10.3-2021.10.win32_1.0.200.202301161003/tools/bin/../lib/gcc/arm-none-eabi/10.3.1/../../../../arm-none-eabi/lib/thumb/v7-m/nofp\libc_nano.a(lib_a-fwalk.o)
                0x000000000800c474                _fwalk_reent
 .text.__retarget_lock_init_recursive
                0x000000000800c4b2        0x2 c:/st/stm32cubeide_1.10.1/stm32cubeide/plugins/com.st.stm32cube.ide.mcu.externaltools.gnu-tools-for-stm32.10.3-2021.10.win32_1.0.200.202301161003/tools/bin/../lib/gcc/arm-none-eabi/10.3.1/../../../../arm-none-eabi/lib/thumb/v7-m/nofp\libc_nano.a(lib_a-lock.o)
                0x000000000800c4b2                __retarget_lock_init_recursive
 .text.__retarget_lock_acquire_recursive
                0x000000000800c4b4        0x2 c:/st/stm32cubeide_1.10.1/stm32cubeide/plugins/com.st.stm32cube.ide.mcu.externaltools.gnu-tools-for-stm32.10.3-2021.10.win32_1.0.200.202301161003/tools/bin/../lib/gcc/arm-none-eabi/10.3.1/../../../../arm-none-eabi/lib/thumb/v7-m/nofp\libc_nano.a(lib_a-lock.o)
                0x000000000800c4b4                __retarget_lock_acquire_recursive
 .text.__retarget_lock_release_recursive
                0x000000000800c4b6        0x2 c:/st/stm32cubeide_1.10.1/stm32cubeide/plugins/com.st.stm32cube.ide.mcu.externaltools.gnu-tools-for-stm32.10.3-2021.10.win32_1.0.200.202301161003/tools/bin/../lib/gcc/arm-none-eabi/10.3.1/../../../../arm-none-eabi/lib/thumb/v7-m/nofp\libc_nano.a(lib_a-lock.o)
                0x000000000800c4b6                __retarget_lock_release_recursive
 .text.__swhatbuf_r
                0x000000000800c4b8       0x4a c:/st/stm32cubeide_1.10.1/stm32cubeide/plugins/com.st.stm32cube.ide.mcu.externaltools.gnu-tools-for-stm32.10.3-2021.10.win32_1.0.200.202301161003/tools/bin/../lib/gcc/arm-none-eabi/10.3.1/../../../../arm-none-eabi/lib/thumb/v7-m/nofp\libc_nano.a(lib_a-makebuf.o)
                0x000000000800c4b8                __swhatbuf_r
 *fill*         0x000000000800c502        0x2 
 .text.__smakebuf_r
                0x000000000800c504       0x80 c:/st/stm32cubeide_1.10.1/stm32cubeide/plugins/com.st.stm32cube.ide.mcu.externaltools.gnu-tools-for-stm32.10.3-2021.10.win32_1.0.200.202301161003/tools/bin/../lib/gcc/arm-none-eabi/10.3.1/../../../../arm-none-eabi/lib/thumb/v7-m/nofp\libc_nano.a(lib_a-makebuf.o)
                0x000000000800c504                __smakebuf_r
 .text._malloc_usable_size_r
                0x000000000800c584       0x10 c:/st/stm32cubeide_1.10.1/stm32cubeide/plugins/com.st.stm32cube.ide.mcu.externaltools.gnu-tools-for-stm32.10.3-2021.10.win32_1.0.200.202301161003/tools/bin/../lib/gcc/arm-none-eabi/10.3.1/../../../../arm-none-eabi/lib/thumb/v7-m/nofp\libc_nano.a(lib_a-nano-msizer.o)
                0x000000000800c584                _malloc_usable_size_r
 .text._raise_r
                0x000000000800c594       0x50 c:/st/stm32cubeide_1.10.1/stm32cubeide/plugins/com.st.stm32cube.ide.mcu.externaltools.gnu-tools-for-stm32.10.3-2021.10.win32_1.0.200.202301161003/tools/bin/../lib/gcc/arm-none-eabi/10.3.1/../../../../arm-none-eabi/lib/thumb/v7-m/nofp\libc_nano.a(lib_a-signal.o)
                0x000000000800c594                _raise_r
 .text.raise    0x000000000800c5e4       0x10 c:/st/stm32cubeide_1.10.1/stm32cubeide/plugins/com.st.stm32cube.ide.mcu.externaltools.gnu-tools-for-stm32.10.3-2021.10.win32_1.0.200.202301161003/tools/bin/../lib/gcc/arm-none-eabi/10.3.1/../../../../arm-none-eabi/lib/thumb/v7-m/nofp\libc_nano.a(lib_a-signal.o)
                0x000000000800c5e4                raise
 .text._kill_r  0x000000000800c5f4       0x24 c:/st/stm32cubeide_1.10.1/stm32cubeide/plugins/com.st.stm32cube.ide.mcu.externaltools.gnu-tools-for-stm32.10.3-2021.10.win32_1.0.200.202301161003/tools/bin/../lib/gcc/arm-none-eabi/10.3.1/../../../../arm-none-eabi/lib/thumb/v7-m/nofp\libc_nano.a(lib_a-signalr.o)
                0x000000000800c5f4                _kill_r
 .text._getpid_r
                0x000000000800c618        0x4 c:/st/stm32cubeide_1.10.1/stm32cubeide/plugins/com.st.stm32cube.ide.mcu.externaltools.gnu-tools-for-stm32.10.3-2021.10.win32_1.0.200.202301161003/tools/bin/../lib/gcc/arm-none-eabi/10.3.1/../../../../arm-none-eabi/lib/thumb/v7-m/nofp\libc_nano.a(lib_a-signalr.o)
                0x000000000800c618                _getpid_r
 .text.__sread  0x000000000800c61c       0x22 c:/st/stm32cubeide_1.10.1/stm32cubeide/plugins/com.st.stm32cube.ide.mcu.externaltools.gnu-tools-for-stm32.10.3-2021.10.win32_1.0.200.202301161003/tools/bin/../lib/gcc/arm-none-eabi/10.3.1/../../../../arm-none-eabi/lib/thumb/v7-m/nofp\libc_nano.a(lib_a-stdio.o)
                0x000000000800c61c                __sread
 .text.__swrite
                0x000000000800c63e       0x38 c:/st/stm32cubeide_1.10.1/stm32cubeide/plugins/com.st.stm32cube.ide.mcu.externaltools.gnu-tools-for-stm32.10.3-2021.10.win32_1.0.200.202301161003/tools/bin/../lib/gcc/arm-none-eabi/10.3.1/../../../../arm-none-eabi/lib/thumb/v7-m/nofp\libc_nano.a(lib_a-stdio.o)
                0x000000000800c63e                __swrite
 .text.__sseek  0x000000000800c676       0x24 c:/st/stm32cubeide_1.10.1/stm32cubeide/plugins/com.st.stm32cube.ide.mcu.externaltools.gnu-tools-for-stm32.10.3-2021.10.win32_1.0.200.202301161003/tools/bin/../lib/gcc/arm-none-eabi/10.3.1/../../../../arm-none-eabi/lib/thumb/v7-m/nofp\libc_nano.a(lib_a-stdio.o)
                0x000000000800c676                __sseek
 .text.__sclose
                0x000000000800c69a        0x8 c:/st/stm32cubeide_1.10.1/stm32cubeide/plugins/com.st.stm32cube.ide.mcu.externaltools.gnu-tools-for-stm32.10.3-2021.10.win32_1.0.200.202301161003/tools/bin/../lib/gcc/arm-none-eabi/10.3.1/../../../../arm-none-eabi/lib/thumb/v7-m/nofp\libc_nano.a(lib_a-stdio.o)
                0x000000000800c69a                __sclose
 *fill*         0x000000000800c6a2        0x2 
 .text._write_r
                0x000000000800c6a4       0x24 c:/st/stm32cubeide_1.10.1/stm32cubeide/plugins/com.st.stm32cube.ide.mcu.externaltools.gnu-tools-for-stm32.10.3-2021.10.win32_1.0.200.202301161003/tools/bin/../lib/gcc/arm-none-eabi/10.3.1/../../../../arm-none-eabi/lib/thumb/v7-m/nofp\libc_nano.a(lib_a-writer.o)
                0x000000000800c6a4                _write_r
 .text._close_r
                0x000000000800c6c8       0x20 c:/st/stm32cubeide_1.10.1/stm32cubeide/plugins/com.st.stm32cube.ide.mcu.externaltools.gnu-tools-for-stm32.10.3-2021.10.win32_1.0.200.202301161003/tools/bin/../lib/gcc/arm-none-eabi/10.3.1/../../../../arm-none-eabi/lib/thumb/v7-m/nofp\libc_nano.a(lib_a-closer.o)
                0x000000000800c6c8                _close_r
 .text._fstat_r
                0x000000000800c6e8       0x24 c:/st/stm32cubeide_1.10.1/stm32cubeide/plugins/com.st.stm32cube.ide.mcu.externaltools.gnu-tools-for-stm32.10.3-2021.10.win32_1.0.200.202301161003/tools/bin/../lib/gcc/arm-none-eabi/10.3.1/../../../../arm-none-eabi/lib/thumb/v7-m/nofp\libc_nano.a(lib_a-fstatr.o)
                0x000000000800c6e8                _fstat_r
 .text._isatty_r
                0x000000000800c70c       0x20 c:/st/stm32cubeide_1.10.1/stm32cubeide/plugins/com.st.stm32cube.ide.mcu.externaltools.gnu-tools-for-stm32.10.3-2021.10.win32_1.0.200.202301161003/tools/bin/../lib/gcc/arm-none-eabi/10.3.1/../../../../arm-none-eabi/lib/thumb/v7-m/nofp\libc_nano.a(lib_a-isattyr.o)
                0x000000000800c70c                _isatty_r
 .text._lseek_r
                0x000000000800c72c       0x24 c:/st/stm32cubeide_1.10.1/stm32cubeide/plugins/com.st.stm32cube.ide.mcu.externaltools.gnu-tools-for-stm32.10.3-2021.10.win32_1.0.200.202301161003/tools/bin/../lib/gcc/arm-none-eabi/10.3.1/../../../../arm-none-eabi/lib/thumb/v7-m/nofp\libc_nano.a(lib_a-lseekr.o)
                0x000000000800c72c                _lseek_r
 .text._read_r  0x000000000800c750       0x24 c:/st/stm32cubeide_1.10.1/stm32cubeide/plugins/com.st.stm32cube.ide.mcu.externaltools.gnu-tools-for-stm32.10.3-2021.10.win32_1.0.200.202301161003/tools/bin/../lib/gcc/arm-none-eabi/10.3.1/../../../../arm-none-eabi/lib/thumb/v7-m/nofp\libc_nano.a(lib_a-readr.o)
                0x000000000800c750                _read_r
 *fill*         0x000000000800c774        0x4 
 .text.atan     0x000000000800c778      0x314 c:/st/stm32cubeide_1.10.1/stm32cubeide/plugins/com.st.stm32cube.ide.mcu.externaltools.gnu-tools-for-stm32.10.3-2021.10.win32_1.0.200.202301161003/tools/bin/../lib/gcc/arm-none-eabi/10.3.1/../../../../arm-none-eabi/lib/thumb/v7-m/nofp\libm.a(lib_a-s_atan.o)
                0x000000000800c778                atan
 .text.fabs     0x000000000800ca8c        0x6 c:/st/stm32cubeide_1.10.1/stm32cubeide/plugins/com.st.stm32cube.ide.mcu.externaltools.gnu-tools-for-stm32.10.3-2021.10.win32_1.0.200.202301161003/tools/bin/../lib/gcc/arm-none-eabi/10.3.1/../../../../arm-none-eabi/lib/thumb/v7-m/nofp\libm.a(lib_a-s_fabs.o)
                0x000000000800ca8c                fabs
 .text.atan2    0x000000000800ca92        0x4 c:/st/stm32cubeide_1.10.1/stm32cubeide/plugins/com.st.stm32cube.ide.mcu.externaltools.gnu-tools-for-stm32.10.3-2021.10.win32_1.0.200.202301161003/tools/bin/../lib/gcc/arm-none-eabi/10.3.1/../../../../arm-none-eabi/lib/thumb/v7-m/nofp\libm.a(lib_a-w_atan2.o)
                0x000000000800ca92                atan2
 .text.sqrt     0x000000000800ca96       0x48 c:/st/stm32cubeide_1.10.1/stm32cubeide/plugins/com.st.stm32cube.ide.mcu.externaltools.gnu-tools-for-stm32.10.3-2021.10.win32_1.0.200.202301161003/tools/bin/../lib/gcc/arm-none-eabi/10.3.1/../../../../arm-none-eabi/lib/thumb/v7-m/nofp\libm.a(lib_a-w_sqrt.o)
                0x000000000800ca96                sqrt
 *fill*         0x000000000800cade        0x2 
 .text.__ieee754_atan2
                0x000000000800cae0      0x1a4 c:/st/stm32cubeide_1.10.1/stm32cubeide/plugins/com.st.stm32cube.ide.mcu.externaltools.gnu-tools-for-stm32.10.3-2021.10.win32_1.0.200.202301161003/tools/bin/../lib/gcc/arm-none-eabi/10.3.1/../../../../arm-none-eabi/lib/thumb/v7-m/nofp\libm.a(lib_a-e_atan2.o)
                0x000000000800cae0                __ieee754_atan2
 .text.__ieee754_sqrt
                0x000000000800cc84      0x160 c:/st/stm32cubeide_1.10.1/stm32cubeide/plugins/com.st.stm32cube.ide.mcu.externaltools.gnu-tools-for-stm32.10.3-2021.10.win32_1.0.200.202301161003/tools/bin/../lib/gcc/arm-none-eabi/10.3.1/../../../../arm-none-eabi/lib/thumb/v7-m/nofp\libm.a(lib_a-e_sqrt.o)
                0x000000000800cc84                __ieee754_sqrt
 *(.glue_7)
 .glue_7        0x000000000800cde4        0x0 linker stubs
 *(.glue_7t)
 .glue_7t       0x000000000800cde4        0x0 linker stubs
 *(.eh_frame)
 .eh_frame      0x000000000800cde4        0x0 c:/st/stm32cubeide_1.10.1/stm32cubeide/plugins/com.st.stm32cube.ide.mcu.externaltools.gnu-tools-for-stm32.10.3-2021.10.win32_1.0.200.202301161003/tools/bin/../lib/gcc/arm-none-eabi/10.3.1/thumb/v7-m/nofp/crtbegin.o
 *(.init)
 .init          0x000000000800cde4        0x4 c:/st/stm32cubeide_1.10.1/stm32cubeide/plugins/com.st.stm32cube.ide.mcu.externaltools.gnu-tools-for-stm32.10.3-2021.10.win32_1.0.200.202301161003/tools/bin/../lib/gcc/arm-none-eabi/10.3.1/thumb/v7-m/nofp/crti.o
                0x000000000800cde4                _init
 .init          0x000000000800cde8        0x8 c:/st/stm32cubeide_1.10.1/stm32cubeide/plugins/com.st.stm32cube.ide.mcu.externaltools.gnu-tools-for-stm32.10.3-2021.10.win32_1.0.200.202301161003/tools/bin/../lib/gcc/arm-none-eabi/10.3.1/thumb/v7-m/nofp/crtn.o
 *(.fini)
 .fini          0x000000000800cdf0        0x4 c:/st/stm32cubeide_1.10.1/stm32cubeide/plugins/com.st.stm32cube.ide.mcu.externaltools.gnu-tools-for-stm32.10.3-2021.10.win32_1.0.200.202301161003/tools/bin/../lib/gcc/arm-none-eabi/10.3.1/thumb/v7-m/nofp/crti.o
                0x000000000800cdf0                _fini
 .fini          0x000000000800cdf4        0x8 c:/st/stm32cubeide_1.10.1/stm32cubeide/plugins/com.st.stm32cube.ide.mcu.externaltools.gnu-tools-for-stm32.10.3-2021.10.win32_1.0.200.202301161003/tools/bin/../lib/gcc/arm-none-eabi/10.3.1/thumb/v7-m/nofp/crtn.o
                0x000000000800cdfc                . = ALIGN (0x4)
                0x000000000800cdfc                _etext = .

.vfp11_veneer   0x000000000800cdfc        0x0
 .vfp11_veneer  0x000000000800cdfc        0x0 linker stubs

.v4_bx          0x000000000800cdfc        0x0
 .v4_bx         0x000000000800cdfc        0x0 linker stubs

.iplt           0x000000000800cdfc        0x0
 .iplt          0x000000000800cdfc        0x0 c:/st/stm32cubeide_1.10.1/stm32cubeide/plugins/com.st.stm32cube.ide.mcu.externaltools.gnu-tools-for-stm32.10.3-2021.10.win32_1.0.200.202301161003/tools/bin/../lib/gcc/arm-none-eabi/10.3.1/thumb/v7-m/nofp/crtbegin.o

.rodata         0x000000000800ce00      0x820
                0x000000000800ce00                . = ALIGN (0x4)
 *(.rodata)
 .rodata        0x000000000800ce00       0x10 ./Drivers/STM32F1xx_HAL_Driver/Src/stm32f1xx_hal_rcc.o
 *(.rodata*)
 .rodata.rules  0x000000000800ce10      0x194 ./Core/Src/Balance_fis.o
 .rodata.e_NB_p
                0x000000000800cfa4       0x10 ./Core/Src/Balance_fis.o
 .rodata.e_ZE_p
                0x000000000800cfb4        0xc ./Core/Src/Balance_fis.o
 .rodata.e_PB_p
                0x000000000800cfc0       0x10 ./Core/Src/Balance_fis.o
 .rodata.e_NS_p
                0x000000000800cfd0       0x10 ./Core/Src/Balance_fis.o
 .rodata.e_PS_p
                0x000000000800cfe0       0x10 ./Core/Src/Balance_fis.o
 .rodata.edot_NB_p
                0x000000000800cff0        0xc ./Core/Src/Balance_fis.o
 .rodata.edot_ZE_p
                0x000000000800cffc        0xc ./Core/Src/Balance_fis.o
 .rodata.edot_PB_p
                0x000000000800d008        0xc ./Core/Src/Balance_fis.o
 .rodata.edot_NS_p
                0x000000000800d014        0xc ./Core/Src/Balance_fis.o
 .rodata.edot_PS_p
                0x000000000800d020        0xc ./Core/Src/Balance_fis.o
 .rodata.u_NB_p
                0x000000000800d02c        0x4 ./Core/Src/Balance_fis.o
 .rodata.u_NM_p
                0x000000000800d030        0x4 ./Core/Src/Balance_fis.o
 .rodata.u_NS_p
                0x000000000800d034        0x4 ./Core/Src/Balance_fis.o
 .rodata.u_ZE_p
                0x000000000800d038        0x4 ./Core/Src/Balance_fis.o
 .rodata.u_PS_p
                0x000000000800d03c        0x4 ./Core/Src/Balance_fis.o
 .rodata.u_PM_p
                0x000000000800d040        0x4 ./Core/Src/Balance_fis.o
 .rodata.u_PB_p
                0x000000000800d044        0x4 ./Core/Src/Balance_fis.o
 .rodata.u_ab.1
                0x000000000800d048        0x8 ./Core/Src/qffmath.o
 .rodata.method.2
                0x000000000800d050       0x14 ./Core/Src/qfis.o
 .rodata.method.1
                0x000000000800d064       0x1c ./Core/Src/qfis.o
 .rodata.fShape.0
                0x000000000800d080       0x6c ./Core/Src/qfis.o
 .rodata.AHBPrescTable
                0x000000000800d0ec       0x10 ./Core/Src/system_stm32f1xx.o
                0x000000000800d0ec                AHBPrescTable
 .rodata.APBPrescTable
                0x000000000800d0fc        0x8 ./Core/Src/system_stm32f1xx.o
                0x000000000800d0fc                APBPrescTable
 .rodata._global_impure_ptr
                0x000000000800d104        0x4 c:/st/stm32cubeide_1.10.1/stm32cubeide/plugins/com.st.stm32cube.ide.mcu.externaltools.gnu-tools-for-stm32.10.3-2021.10.win32_1.0.200.202301161003/tools/bin/../lib/gcc/arm-none-eabi/10.3.1/../../../../arm-none-eabi/lib/thumb/v7-m/nofp\libc_nano.a(lib_a-impure.o)
                0x000000000800d104                _global_impure_ptr
 .rodata._printf_float.str1.1
                0x000000000800d108       0x12 c:/st/stm32cubeide_1.10.1/stm32cubeide/plugins/com.st.stm32cube.ide.mcu.externaltools.gnu-tools-for-stm32.10.3-2021.10.win32_1.0.200.202301161003/tools/bin/../lib/gcc/arm-none-eabi/10.3.1/../../../../arm-none-eabi/lib/thumb/v7-m/nofp\libc_nano.a(lib_a-nano-vfprintf_float.o)
 .rodata._printf_i.str1.1
                0x000000000800d11a       0x22 c:/st/stm32cubeide_1.10.1/stm32cubeide/plugins/com.st.stm32cube.ide.mcu.externaltools.gnu-tools-for-stm32.10.3-2021.10.win32_1.0.200.202301161003/tools/bin/../lib/gcc/arm-none-eabi/10.3.1/../../../../arm-none-eabi/lib/thumb/v7-m/nofp\libc_nano.a(lib_a-nano-vfprintf_i.o)
 .rodata._scanf_float.str1.1
                0x000000000800d13c        0x5 c:/st/stm32cubeide_1.10.1/stm32cubeide/plugins/com.st.stm32cube.ide.mcu.externaltools.gnu-tools-for-stm32.10.3-2021.10.win32_1.0.200.202301161003/tools/bin/../lib/gcc/arm-none-eabi/10.3.1/../../../../arm-none-eabi/lib/thumb/v7-m/nofp\libc_nano.a(lib_a-nano-vfscanf_float.o)
                                          0x6 (size before relaxing)
 .rodata._strtod_l.str1.1
                0x000000000800d141        0x5 c:/st/stm32cubeide_1.10.1/stm32cubeide/plugins/com.st.stm32cube.ide.mcu.externaltools.gnu-tools-for-stm32.10.3-2021.10.win32_1.0.200.202301161003/tools/bin/../lib/gcc/arm-none-eabi/10.3.1/../../../../arm-none-eabi/lib/thumb/v7-m/nofp\libc_nano.a(lib_a-strtod.o)
                                          0xd (size before relaxing)
 *fill*         0x000000000800d141        0x3 
 .rodata.fpi.1  0x000000000800d144       0x14 c:/st/stm32cubeide_1.10.1/stm32cubeide/plugins/com.st.stm32cube.ide.mcu.externaltools.gnu-tools-for-stm32.10.3-2021.10.win32_1.0.200.202301161003/tools/bin/../lib/gcc/arm-none-eabi/10.3.1/../../../../arm-none-eabi/lib/thumb/v7-m/nofp\libc_nano.a(lib_a-strtod.o)
 .rodata.fpinan.0
                0x000000000800d158       0x14 c:/st/stm32cubeide_1.10.1/stm32cubeide/plugins/com.st.stm32cube.ide.mcu.externaltools.gnu-tools-for-stm32.10.3-2021.10.win32_1.0.200.202301161003/tools/bin/../lib/gcc/arm-none-eabi/10.3.1/../../../../arm-none-eabi/lib/thumb/v7-m/nofp\libc_nano.a(lib_a-strtod.o)
 *fill*         0x000000000800d16c        0x4 
 .rodata.tinytens
                0x000000000800d170       0x28 c:/st/stm32cubeide_1.10.1/stm32cubeide/plugins/com.st.stm32cube.ide.mcu.externaltools.gnu-tools-for-stm32.10.3-2021.10.win32_1.0.200.202301161003/tools/bin/../lib/gcc/arm-none-eabi/10.3.1/../../../../arm-none-eabi/lib/thumb/v7-m/nofp\libc_nano.a(lib_a-strtod.o)
 .rodata._ctype_
                0x000000000800d198      0x101 c:/st/stm32cubeide_1.10.1/stm32cubeide/plugins/com.st.stm32cube.ide.mcu.externaltools.gnu-tools-for-stm32.10.3-2021.10.win32_1.0.200.202301161003/tools/bin/../lib/gcc/arm-none-eabi/10.3.1/../../../../arm-none-eabi/lib/thumb/v7-m/nofp\libc_nano.a(lib_a-ctype_.o)
                0x000000000800d198                _ctype_
 .rodata._dtoa_r.str1.1
                0x000000000800d299       0x90 c:/st/stm32cubeide_1.10.1/stm32cubeide/plugins/com.st.stm32cube.ide.mcu.externaltools.gnu-tools-for-stm32.10.3-2021.10.win32_1.0.200.202301161003/tools/bin/../lib/gcc/arm-none-eabi/10.3.1/../../../../arm-none-eabi/lib/thumb/v7-m/nofp\libc_nano.a(lib_a-dtoa.o)
                                         0x92 (size before relaxing)
 .rodata.__gethex.str1.1
                0x000000000800d329       0x63 c:/st/stm32cubeide_1.10.1/stm32cubeide/plugins/com.st.stm32cube.ide.mcu.externaltools.gnu-tools-for-stm32.10.3-2021.10.win32_1.0.200.202301161003/tools/bin/../lib/gcc/arm-none-eabi/10.3.1/../../../../arm-none-eabi/lib/thumb/v7-m/nofp\libc_nano.a(lib_a-gdtoa-gethex.o)
                                         0x74 (size before relaxing)
 .rodata.str1.1
                0x000000000800d38c        0x2 c:/st/stm32cubeide_1.10.1/stm32cubeide/plugins/com.st.stm32cube.ide.mcu.externaltools.gnu-tools-for-stm32.10.3-2021.10.win32_1.0.200.202301161003/tools/bin/../lib/gcc/arm-none-eabi/10.3.1/../../../../arm-none-eabi/lib/thumb/v7-m/nofp\libc_nano.a(lib_a-lnumeric.o)
                                          0x3 (size before relaxing)
 *fill*         0x000000000800d38e        0x2 
 .rodata._C_numeric_locale